Archive member included to satisfy reference by file (symbol)

/usr/lib/gcc/arm-none-eabi/5.4.1/../../../arm-none-eabi/lib/armv7e-m/fpu/libstdc++.a(del_op.o)
                              ./build/obj/Vnh5019.o (symbol from plugin) (operator delete(void*))
/usr/lib/gcc/arm-none-eabi/5.4.1/../../../arm-none-eabi/lib/armv7e-m/fpu/libstdc++.a(new_op.o)
                              ./build/obj/USBStream.o (symbol from plugin) (operator new(unsigned int))
/usr/lib/gcc/arm-none-eabi/5.4.1/../../../arm-none-eabi/lib/armv7e-m/fpu/libstdc++.a(eh_throw.o)
                              /usr/lib/gcc/arm-none-eabi/5.4.1/../../../arm-none-eabi/lib/armv7e-m/fpu/libstdc++.a(new_op.o) (__cxa_throw)
/usr/lib/gcc/arm-none-eabi/5.4.1/../../../arm-none-eabi/lib/armv7e-m/fpu/libstdc++.a(new_handler.o)
                              /usr/lib/gcc/arm-none-eabi/5.4.1/../../../arm-none-eabi/lib/armv7e-m/fpu/libstdc++.a(new_op.o) (std::get_new_handler())
/usr/lib/gcc/arm-none-eabi/5.4.1/../../../arm-none-eabi/lib/armv7e-m/fpu/libstdc++.a(eh_catch.o)
                              /usr/lib/gcc/arm-none-eabi/5.4.1/../../../arm-none-eabi/lib/armv7e-m/fpu/libstdc++.a(eh_throw.o) (__cxa_begin_catch)
/usr/lib/gcc/arm-none-eabi/5.4.1/../../../arm-none-eabi/lib/armv7e-m/fpu/libstdc++.a(eh_alloc.o)
                              /usr/lib/gcc/arm-none-eabi/5.4.1/../../../arm-none-eabi/lib/armv7e-m/fpu/libstdc++.a(new_op.o) (__cxa_allocate_exception)
/usr/lib/gcc/arm-none-eabi/5.4.1/../../../arm-none-eabi/lib/armv7e-m/fpu/libstdc++.a(eh_globals.o)
                              /usr/lib/gcc/arm-none-eabi/5.4.1/../../../arm-none-eabi/lib/armv7e-m/fpu/libstdc++.a(eh_catch.o) (__cxa_get_globals_fast)
/usr/lib/gcc/arm-none-eabi/5.4.1/../../../arm-none-eabi/lib/armv7e-m/fpu/libstdc++.a(eh_terminate.o)
                              /usr/lib/gcc/arm-none-eabi/5.4.1/../../../arm-none-eabi/lib/armv7e-m/fpu/libstdc++.a(eh_throw.o) (__cxxabiv1::__terminate(void (*)()))
/usr/lib/gcc/arm-none-eabi/5.4.1/../../../arm-none-eabi/lib/armv7e-m/fpu/libstdc++.a(eh_personality.o)
                              /usr/lib/gcc/arm-none-eabi/5.4.1/../../../arm-none-eabi/lib/armv7e-m/fpu/libstdc++.a(eh_catch.o) (__gxx_personality_v0)
/usr/lib/gcc/arm-none-eabi/5.4.1/../../../arm-none-eabi/lib/armv7e-m/fpu/libstdc++.a(bad_alloc.o)
                              /usr/lib/gcc/arm-none-eabi/5.4.1/../../../arm-none-eabi/lib/armv7e-m/fpu/libstdc++.a(new_op.o) (std::bad_alloc::~bad_alloc())
/usr/lib/gcc/arm-none-eabi/5.4.1/../../../arm-none-eabi/lib/armv7e-m/fpu/libstdc++.a(si_class_type_info.o)
                              /usr/lib/gcc/arm-none-eabi/5.4.1/../../../arm-none-eabi/lib/armv7e-m/fpu/libstdc++.a(bad_alloc.o) (vtable for __cxxabiv1::__si_class_type_info)
/usr/lib/gcc/arm-none-eabi/5.4.1/../../../arm-none-eabi/lib/armv7e-m/fpu/libstdc++.a(eh_arm.o)
                              /usr/lib/gcc/arm-none-eabi/5.4.1/../../../arm-none-eabi/lib/armv7e-m/fpu/libstdc++.a(eh_catch.o) (__cxa_end_cleanup)
/usr/lib/gcc/arm-none-eabi/5.4.1/../../../arm-none-eabi/lib/armv7e-m/fpu/libstdc++.a(eh_call.o)
                              /usr/lib/gcc/arm-none-eabi/5.4.1/../../../arm-none-eabi/lib/armv7e-m/fpu/libstdc++.a(eh_personality.o) (__cxa_call_terminate)
/usr/lib/gcc/arm-none-eabi/5.4.1/../../../arm-none-eabi/lib/armv7e-m/fpu/libstdc++.a(eh_term_handler.o)
                              /usr/lib/gcc/arm-none-eabi/5.4.1/../../../arm-none-eabi/lib/armv7e-m/fpu/libstdc++.a(eh_terminate.o) (__cxxabiv1::__terminate_handler)
/usr/lib/gcc/arm-none-eabi/5.4.1/../../../arm-none-eabi/lib/armv7e-m/fpu/libstdc++.a(eh_unex_handler.o)
                              /usr/lib/gcc/arm-none-eabi/5.4.1/../../../arm-none-eabi/lib/armv7e-m/fpu/libstdc++.a(eh_terminate.o) (__cxxabiv1::__unexpected_handler)
/usr/lib/gcc/arm-none-eabi/5.4.1/../../../arm-none-eabi/lib/armv7e-m/fpu/libstdc++.a(eh_exception.o)
                              /usr/lib/gcc/arm-none-eabi/5.4.1/../../../arm-none-eabi/lib/armv7e-m/fpu/libstdc++.a(bad_alloc.o) (std::exception::~exception())
/usr/lib/gcc/arm-none-eabi/5.4.1/../../../arm-none-eabi/lib/armv7e-m/fpu/libstdc++.a(tinfo.o)
                              /usr/lib/gcc/arm-none-eabi/5.4.1/../../../arm-none-eabi/lib/armv7e-m/fpu/libstdc++.a(si_class_type_info.o) (std::type_info::__is_function_p() const)
/usr/lib/gcc/arm-none-eabi/5.4.1/../../../arm-none-eabi/lib/armv7e-m/fpu/libstdc++.a(class_type_info.o)
                              /usr/lib/gcc/arm-none-eabi/5.4.1/../../../arm-none-eabi/lib/armv7e-m/fpu/libstdc++.a(si_class_type_info.o) (__cxxabiv1::__class_type_info::__do_upcast(__cxxabiv1::__class_type_info const*, void**) const)
/usr/lib/gcc/arm-none-eabi/5.4.1/armv7e-m/fpu/libgcc.a(unwind-arm.o)
                              /usr/lib/gcc/arm-none-eabi/5.4.1/../../../arm-none-eabi/lib/armv7e-m/fpu/libstdc++.a(new_op.o) (__aeabi_unwind_cpp_pr0)
/usr/lib/gcc/arm-none-eabi/5.4.1/armv7e-m/fpu/libgcc.a(libunwind.o)
[...]
Memory Configuration

Name             Origin             Length             Attributes
flash0           0x0000000008000000 0x0000000000080000
flash1           0x0000000000000000 0x0000000000000000
flash2           0x0000000000000000 0x0000000000000000
flash3           0x0000000000000000 0x0000000000000000
flash4           0x0000000000000000 0x0000000000000000
flash5           0x0000000000000000 0x0000000000000000
flash6           0x0000000000000000 0x0000000000000000
flash7           0x0000000000000000 0x0000000000000000
ram0             0x0000000020000000 0x0000000000020000
ram1             0x0000000020000000 0x000000000001c000
ram2             0x0000000000000000 0x0000000000004000
ram3             0x0000000000000000 0x0000000000000000
ram4             0x0000000000000000 0x0000000000000000
ram5             0x0000000000000000 0x0000000000000000
ram6             0x0000000000000000 0x0000000000000000
ram7             0x0000000000000000 0x0000000000000000
*default*        0x0000000000000000 0xffffffffffffffff

Linker script and memory map

LOAD ./build/obj/crt0_v7m.o
LOAD ./build/obj/vectors.o
LOAD ./build/obj/chcoreasm_v7m.o
LOAD ./build/obj/crt1.o
LOAD /tmp/ccKbUQBP.ltrans0.ltrans.o
LOAD /tmp/ccKbUQBP.ltrans1.ltrans.o
LOAD /tmp/ccKbUQBP.ltrans2.ltrans.o
LOAD /tmp/ccKbUQBP.ltrans3.ltrans.o
LOAD /tmp/ccKbUQBP.ltrans4.ltrans.o
LOAD /tmp/ccKbUQBP.ltrans5.ltrans.o
LOAD /tmp/ccKbUQBP.ltrans6.ltrans.o
LOAD /tmp/ccKbUQBP.ltrans7.ltrans.o
LOAD /tmp/ccKbUQBP.ltrans8.ltrans.o
LOAD /tmp/ccKbUQBP.ltrans9.ltrans.o
LOAD /tmp/ccKbUQBP.ltrans10.ltrans.o
LOAD /tmp/ccKbUQBP.ltrans11.ltrans.o
LOAD ./build/obj/hal.o
LOAD ./build/obj/hal_st.o
LOAD ./build/obj/hal_buffers.o
LOAD ./build/obj/hal_queues.o
LOAD ./build/obj/hal_mmcsd.o
LOAD ./build/obj/hal_pal.o
LOAD ./build/obj/hal_pwm.o
LOAD ./build/obj/hal_serial.o
LOAD ./build/obj/hal_serial_usb.o
LOAD ./build/obj/hal_usb.o
LOAD ./build/obj/hal_qei.o
LOAD ./build/obj/nvic.o
LOAD ./build/obj/stm32_isr.o
LOAD ./build/obj/hal_lld.o
LOAD ./build/obj/stm32_dma.o
LOAD ./build/obj/stm32_exti.o
LOAD ./build/obj/hal_pal_lld.o
LOAD ./build/obj/hal_usb_lld.o
LOAD ./build/obj/hal_st_lld.o
LOAD ./build/obj/hal_pwm_lld.o
LOAD ./build/obj/hal_qei_lld.o
LOAD ./build/obj/hal_serial_lld.o
LOAD ./build/obj/board.o
LOAD ./build/obj/osal.o
LOAD ./build/obj/chsys.o
LOAD ./build/obj/chdebug.o
LOAD ./build/obj/chtrace.o
LOAD ./build/obj/chvt.o
LOAD ./build/obj/chschd.o
LOAD ./build/obj/chthreads.o
LOAD ./build/obj/chtm.o
LOAD ./build/obj/chregistry.o
LOAD ./build/obj/chsem.o
LOAD ./build/obj/chmtx.o
LOAD ./build/obj/chcond.o
LOAD ./build/obj/chevents.o
LOAD ./build/obj/chmsg.o
LOAD ./build/obj/chdynamic.o
LOAD ./build/obj/chmboxes.o
LOAD ./build/obj/chmemcore.o
LOAD ./build/obj/chmemheaps.o
LOAD ./build/obj/chmempools.o
LOAD ./build/obj/chpipes.o
LOAD ./build/obj/chfactory.o
LOAD ./build/obj/chcore.o
LOAD ./build/obj/chcore_v7m.o
LOAD ./build/obj/chprintf.o
LOAD ./build/obj/memstreams.o
LOAD ./build/obj/nullstreams.o
LOAD ./build/obj/shell.o
LOAD ./build/obj/shell_cmd.o
LOAD ./build/obj/usbcfg.o
LOAD ./build/obj/syscalls.o
LOAD ./build/obj/ch_test.o
LOAD ./build/obj/rt_test_root.o
LOAD ./build/obj/rt_test_sequence_001.o
LOAD ./build/obj/rt_test_sequence_002.o
LOAD ./build/obj/rt_test_sequence_003.o
LOAD ./build/obj/rt_test_sequence_004.o
LOAD ./build/obj/rt_test_sequence_005.o
LOAD ./build/obj/rt_test_sequence_006.o
LOAD ./build/obj/rt_test_sequence_007.o
LOAD ./build/obj/rt_test_sequence_008.o
LOAD ./build/obj/rt_test_sequence_009.o
LOAD ./build/obj/rt_test_sequence_010.o
LOAD ./build/obj/oslib_test_root.o
LOAD ./build/obj/oslib_test_sequence_001.o
LOAD ./build/obj/oslib_test_sequence_002.o
LOAD ./build/obj/oslib_test_sequence_003.o
LOAD ./build/obj/oslib_test_sequence_004.o
LOAD ./build/obj/oslib_test_sequence_005.o
LOAD ./build/obj/ch.o
LOAD ./build/obj/syscalls_cpp.o
LOAD ./build/obj/main.o
LOAD ./build/obj/Vnh5019.o
LOAD ./build/obj/USBStream.o

.mstack         0x0000000020000000      0x800
                0x0000000020000000                . = ALIGN (0x8)
                0x0000000020000000                __main_stack_base__ = .
                0x0000000020000800                . = (. + __main_stack_size__)
 *fill*         0x0000000020000000      0x800 
                0x0000000020000800                . = ALIGN (0x8)
                0x0000000020000800                __main_stack_end__ = .

.pstack         0x0000000020000800     0x1400
                0x0000000020000800                . = ALIGN (0x8)
                0x0000000020000800                __process_stack_base__ = .
                0x0000000020000800                __main_thread_stack_base__ = .
                0x0000000020001c00                . = (. + __process_stack_size__)
 *fill*         0x0000000020000800     0x1400 
                0x0000000020001c00                . = ALIGN (0x8)
                0x0000000020001c00                __process_stack_end__ = .
                0x0000000020001c00                __main_thread_stack_end__ = .

.vectors        0x0000000008000000      0x1e0
 *(.vectors)
 .vectors       0x0000000008000000      0x1e0 ./build/obj/vectors.o
                0x0000000008000000                _vectors

.xtors          0x00000000080001e0        0x4
                0x00000000080001e0                __init_array_start = .
 *(SORT(.init_array.*))
 *(.init_array)
 .init_array    0x00000000080001e0        0x4 /usr/lib/gcc/arm-none-eabi/5.4.1/../../../arm-none-eabi/lib/armv7e-m/fpu/libstdc++.a(eh_alloc.o)
                0x00000000080001e4                __init_array_end = .
                0x00000000080001e4                __fini_array_start = .
 *(.fini_array)
 *(SORT(.fini_array.*))
                0x00000000080001e4                __fini_array_end = .

.text           0x0000000008000200     0xe1a4
                0x0000000008000200                __text_base = .
 *(.text)
 .text          0x0000000008000200      0x120 ./build/obj/crt0_v7m.o
                0x0000000008000200                _crt0_entry
 .text          0x0000000008000320        0x8 ./build/obj/vectors.o
                0x0000000008000320                Reset_Handler
                0x0000000008000322                Vector58
                0x0000000008000322                VectorE8
                0x0000000008000322                Vector9C
                0x0000000008000322                VectorAC
                0x0000000008000322                DebugMon_Handler
                0x0000000008000322                Vector1A0
                0x0000000008000322                Vector5C
                0x0000000008000322                Vector11C
                0x0000000008000322                HardFault_Handler
                0x0000000008000322                Vector1B8
                0x0000000008000322                Vector19C
                0x0000000008000322                Vector8C
                0x0000000008000322                SysTick_Handler
                0x0000000008000322                VectorDC
                0x0000000008000322                PendSV_Handler
                0x0000000008000322                Vector168
                0x0000000008000322                NMI_Handler
                0x0000000008000322                Vector110
                0x0000000008000322                Vector120
                0x0000000008000322                Vector1D8
                0x0000000008000322                VectorC8
                0x0000000008000322                Vector94
                0x0000000008000322                VectorA8
                0x0000000008000322                VectorB4
                0x0000000008000322                Vector74
                0x0000000008000322                Vector160
                0x0000000008000322                Vector1B0
                0x0000000008000322                UsageFault_Handler
                0x0000000008000322                VectorEC
                0x0000000008000322                Vector40
                0x0000000008000322                VectorBC
                0x0000000008000322                Vector190
                0x0000000008000322                Vector150
                0x0000000008000322                Vector124
                0x0000000008000322                Vector1C4
                0x0000000008000322                Vector1CC
                0x0000000008000322                Vector148
                0x0000000008000322                Vector188
                0x0000000008000322                Vector198
                0x0000000008000322                Vector118
                0x0000000008000322                Vector64
                0x0000000008000322                VectorCC
                0x0000000008000322                Vector54
                0x0000000008000322                Vector98
                0x0000000008000322                Vector138
                0x0000000008000322                Vector24
                0x0000000008000322                Vector1AC
                0x0000000008000322                Vector178
                0x0000000008000322                Vector84
                0x0000000008000322                Vector1A4
                0x0000000008000322                VectorD0
                0x0000000008000322                Vector1B4
                0x0000000008000322                Vector140
                0x0000000008000322                VectorE4
                0x0000000008000322                VectorC0
                0x0000000008000322                Vector158
                0x0000000008000322                Vector130
                0x0000000008000322                Vector1C0
                0x0000000008000322                Vector134
                0x0000000008000322                Vector1D0
                0x0000000008000322                Vector12C
                0x0000000008000322                Vector13C
                0x0000000008000322                Vector100
                0x0000000008000322                VectorE0
                0x0000000008000322                VectorF4
                0x0000000008000322                MemManage_Handler
                0x0000000008000322                Vector6C
                0x0000000008000322                VectorA0
                0x0000000008000322                VectorC4
                0x0000000008000322                Vector7C
                0x0000000008000322                Vector180
                0x0000000008000322                VectorB0
                0x0000000008000322                Vector90
                0x0000000008000322                Vector114
                0x0000000008000322                Vector164
                0x0000000008000322                Vector60
                0x0000000008000322                Vector1C
                0x0000000008000322                Vector1BC
                0x0000000008000322                Vector1D4
                0x0000000008000322                Vector17C
                0x0000000008000322                Vector48
                0x0000000008000322                Vector1A8
                0x0000000008000322                Vector16C
                0x0000000008000322                Vector70
                0x0000000008000322                VectorD4
                0x0000000008000322                Vector4C
                0x0000000008000322                Vector144
                0x0000000008000322                Vector80
                0x0000000008000322                Vector15C
                0x0000000008000322                Vector68
                0x0000000008000322                Vector78
                0x0000000008000322                Vector170
                0x0000000008000322                Vector88
                0x0000000008000322                Vector104
                0x0000000008000322                Vector184
                0x0000000008000322                Vector10C
                0x0000000008000322                Vector14C
                0x0000000008000322                BusFault_Handler
                0x0000000008000322                Vector50
                0x0000000008000322                Vector1C8
                0x0000000008000322                Vector194
                0x0000000008000322                Vector1DC
                0x0000000008000322                Vector154
                0x0000000008000322                Vector44
                0x0000000008000322                Vector28
                0x0000000008000322                VectorFC
                0x0000000008000322                Vector34
                0x0000000008000322                Vector128
                0x0000000008000322                VectorA4
                0x0000000008000322                Vector20
                0x0000000008000322                Vector18C
                0x0000000008000326                _unhandled_exception
 .text          0x0000000008000328       0x30 ./build/obj/chcoreasm_v7m.o
                0x0000000008000328                _port_switch
                0x0000000008000340                _port_thread_start
                0x0000000008000350                _port_switch_from_isr
                0x0000000008000354                _port_exit_from_isr
 .text          0x0000000008000358      0x9dc /usr/lib/gcc/arm-none-eabi/5.4.1/armv7e-m/fpu/libgcc.a(unwind-arm.o)
                0x0000000008000614                _Unwind_GetCFA
                0x0000000008000618                __gnu_Unwind_RaiseException
                0x0000000008000678                __gnu_Unwind_ForcedUnwind
                0x000000000800068c                __gnu_Unwind_Resume
                0x00000000080006d0                __gnu_Unwind_Resume_or_Rethrow
                0x00000000080006e0                _Unwind_Complete
                0x00000000080006e4                _Unwind_DeleteException
                0x00000000080006f0                _Unwind_VRS_Get
                0x000000000800073c                _Unwind_VRS_Set
                0x000000000800078c                __gnu_Unwind_Backtrace
                0x0000000008000ad8                __aeabi_unwind_cpp_pr0
                0x0000000008000adc                __aeabi_unwind_cpp_pr1
                0x0000000008000ae0                __aeabi_unwind_cpp_pr2
                0x0000000008000ae4                _Unwind_VRS_Pop
 .text          0x0000000008000d34      0x1ac /usr/lib/gcc/arm-none-eabi/5.4.1/armv7e-m/fpu/libgcc.a(libunwind.o)
                0x0000000008000d34                __restore_core_regs
                0x0000000008000d34                restore_core_regs
                0x0000000008000d4c                __gnu_Unwind_Restore_VFP
                0x0000000008000d54                __gnu_Unwind_Save_VFP
                0x0000000008000d5c                __gnu_Unwind_Restore_VFP_D
                0x0000000008000d64                __gnu_Unwind_Save_VFP_D
                0x0000000008000d6c                __gnu_Unwind_Restore_VFP_D_16_to_31
                0x0000000008000d74                __gnu_Unwind_Save_VFP_D_16_to_31
                0x0000000008000d7c                __gnu_Unwind_Restore_WMMXD
                0x0000000008000dc0                __gnu_Unwind_Save_WMMXD
                0x0000000008000e04                __gnu_Unwind_Restore_WMMXC
                0x0000000008000e18                __gnu_Unwind_Save_WMMXC
                0x0000000008000e2c                ___Unwind_RaiseException
                0x0000000008000e2c                _Unwind_RaiseException
                0x0000000008000e50                ___Unwind_Resume
                0x0000000008000e50                _Unwind_Resume
                0x0000000008000e74                _Unwind_Resume_or_Rethrow
                0x0000000008000e74                ___Unwind_Resume_or_Rethrow
                0x0000000008000e98                ___Unwind_ForcedUnwind
                0x0000000008000e98                _Unwind_ForcedUnwind
                0x0000000008000ebc                _Unwind_Backtrace
                0x0000000008000ebc                ___Unwind_Backtrace
 .text          0x0000000008000ee0      0x354 /usr/lib/gcc/arm-none-eabi/5.4.1/armv7e-m/fpu/libgcc.a(pr-support.o)
                0x0000000008000f38                __gnu_unwind_execute
                0x00000000080011dc                __gnu_unwind_frame
                0x0000000008001204                _Unwind_GetRegionStart
                0x0000000008001210                _Unwind_GetLanguageSpecificData
                0x0000000008001224                _Unwind_GetTextRelBase
                0x000000000800122c                _Unwind_GetDataRelBase
 .text          0x0000000008001234       0x10 /usr/lib/gcc/arm-none-eabi/5.4.1/../../../arm-none-eabi/lib/armv7e-m/fpu/libg.a(lib_a-abort.o)
                0x0000000008001234                abort
 .text          0x0000000008001244       0x20 /usr/lib/gcc/arm-none-eabi/5.4.1/../../../arm-none-eabi/lib/armv7e-m/fpu/libg.a(lib_a-malloc.o)
                0x0000000008001244                malloc
                0x0000000008001254                free
 .text          0x0000000008001264      0x56c /usr/lib/gcc/arm-none-eabi/5.4.1/../../../arm-none-eabi/lib/armv7e-m/fpu/libg.a(lib_a-mallocr.o)
                0x0000000008001264                _malloc_r
 .text          0x00000000080017d0      0x134 /usr/lib/gcc/arm-none-eabi/5.4.1/../../../arm-none-eabi/lib/armv7e-m/fpu/libg.a(lib_a-memcpy.o)
                0x00000000080017d0                memcpy
 .text          0x0000000008001904       0x9c /usr/lib/gcc/arm-none-eabi/5.4.1/../../../arm-none-eabi/lib/armv7e-m/fpu/libg.a(lib_a-memset.o)
                0x0000000008001904                memset
 .text          0x00000000080019a0        0x8 /usr/lib/gcc/arm-none-eabi/5.4.1/../../../arm-none-eabi/lib/armv7e-m/fpu/libg.a(lib_a-mlock.o)
                0x00000000080019a0                __malloc_lock
                0x00000000080019a4                __malloc_unlock
 .text          0x00000000080019a8      0x158 /usr/lib/gcc/arm-none-eabi/5.4.1/../../../arm-none-eabi/lib/armv7e-m/fpu/libg.a(lib_a-signal.o)
                0x00000000080019a8                _init_signal_r
                0x00000000080019e0                _signal_r
                0x0000000008001a18                _raise_r
                0x0000000008001a70                __sigtramp_r
                0x0000000008001ac4                raise
                0x0000000008001ad4                signal
                0x0000000008001ae4                _init_signal
                0x0000000008001af0                __sigtramp
 .text          0x0000000008001b00       0x2c /usr/lib/gcc/arm-none-eabi/5.4.1/../../../arm-none-eabi/lib/armv7e-m/fpu/libg.a(lib_a-signalr.o)
                0x0000000008001b00                _kill_r
                0x0000000008001b28                _getpid_r
 *fill*         0x0000000008001b2c       0x14 
 .text          0x0000000008001b40      0x2dc /usr/lib/gcc/arm-none-eabi/5.4.1/../../../arm-none-eabi/lib/armv7e-m/fpu/libg.a(lib_a-strcmp.o)
                0x0000000008001b48                strcmp
 .text          0x0000000008001e1c      0x26c /usr/lib/gcc/arm-none-eabi/5.4.1/../../../arm-none-eabi/lib/armv7e-m/fpu/libg.a(lib_a-freer.o)
                0x0000000008001e1c                _malloc_trim_r
                0x0000000008001eb8                _free_r
 .text          0x0000000008002088       0x64 /usr/lib/gcc/arm-none-eabi/5.4.1/../../../arm-none-eabi/lib/armv7e-m/fpu/libg.a(lib_a-memcmp.o)
                0x0000000008002088                memcmp
 .text          0x00000000080020ec       0xd0 /usr/lib/gcc/arm-none-eabi/5.4.1/../../../arm-none-eabi/lib/armv7e-m/fpu/libg.a(lib_a-strchr.o)
                0x00000000080020ec                strchr
 .text          0x00000000080021bc       0xa0 /usr/lib/gcc/arm-none-eabi/5.4.1/../../../arm-none-eabi/lib/armv7e-m/fpu/libg.a(lib_a-strncmp.o)
                0x00000000080021bc                strncmp
 .text          0x000000000800225c       0x68 /usr/lib/gcc/arm-none-eabi/5.4.1/../../../arm-none-eabi/lib/armv7e-m/fpu/libg.a(lib_a-strncpy.o)
                0x000000000800225c                strncpy
 .text          0x00000000080022c4       0x44 /usr/lib/gcc/arm-none-eabi/5.4.1/../../../arm-none-eabi/lib/armv7e-m/fpu/libg.a(lib_a-strpbrk.o)
                0x00000000080022c4                strpbrk
 .text          0x0000000008002308       0x34 /usr/lib/gcc/arm-none-eabi/5.4.1/../../../arm-none-eabi/lib/armv7e-m/fpu/libg.a(lib_a-strspn.o)
                0x0000000008002308                strspn
 *(.text.*)
 *fill*         0x000000000800233c        0x4 
 .text.sduInterruptTransmitted
                0x0000000008002340        0x4 /tmp/ccKbUQBP.ltrans0.ltrans.o
                0x0000000008002340                sduInterruptTransmitted
 *fill*         0x0000000008002344        0xc 
 .text.sduRequestsHook
                0x0000000008002350       0x58 /tmp/ccKbUQBP.ltrans0.ltrans.o
                0x0000000008002350                sduRequestsHook
 *fill*         0x00000000080023a8        0x8 
 .text._ctl.lto_priv.151
                0x00000000080023b0        0x4 /tmp/ccKbUQBP.ltrans0.ltrans.o
 *fill*         0x00000000080023b4        0xc 
 .text._ctl.lto_priv.150
                0x00000000080023c0        0x4 /tmp/ccKbUQBP.ltrans0.ltrans.o
 *fill*         0x00000000080023c4        0xc 
 .text.oqObjectInit
                0x00000000080023d0       0x18 /tmp/ccKbUQBP.ltrans0.ltrans.o
 *fill*         0x00000000080023e8        0x8 
 .text.iqObjectInit
                0x00000000080023f0       0x20 /tmp/ccKbUQBP.ltrans0.ltrans.o
 .text.obqTryFlushI
                0x0000000008002410       0x4c /tmp/ccKbUQBP.ltrans0.ltrans.o
 *fill*         0x000000000800245c        0x4 
 .text.obqPostFullBufferS
                0x0000000008002460       0x2c /tmp/ccKbUQBP.ltrans0.ltrans.o
 *fill*         0x000000000800248c        0x4 
 .text.obqGetFullBufferI
                0x0000000008002490       0x24 /tmp/ccKbUQBP.ltrans0.ltrans.o
 *fill*         0x00000000080024b4        0xc 
 .text.obqObjectInit
                0x00000000080024c0       0x34 /tmp/ccKbUQBP.ltrans0.ltrans.o
 *fill*         0x00000000080024f4        0xc 
 .text.ibqReleaseEmptyBufferS
                0x0000000008002500       0x28 /tmp/ccKbUQBP.ltrans0.ltrans.o
 *fill*         0x0000000008002528        0x8 
 .text.ibqGetEmptyBufferI
                0x0000000008002530       0x20 /tmp/ccKbUQBP.ltrans0.ltrans.o
 .text.ibqObjectInit
                0x0000000008002550       0x30 /tmp/ccKbUQBP.ltrans0.ltrans.o
 .text.usbInit  0x0000000008002580        0x8 /tmp/ccKbUQBP.ltrans0.ltrans.o
 *fill*         0x0000000008002588        0x8 
 .text.set_address
                0x0000000008002590       0x24 /tmp/ccKbUQBP.ltrans0.ltrans.o
 *fill*         0x00000000080025b4        0xc 
 .text.obnotify
                0x00000000080025c0       0x44 /tmp/ccKbUQBP.ltrans0.ltrans.o
 *fill*         0x0000000008002604        0xc 
 .text.obqResetI
                0x0000000008002610       0x1c /tmp/ccKbUQBP.ltrans0.ltrans.o
 *fill*         0x000000000800262c        0x4 
 .text.ibqResetI
                0x0000000008002630       0x1c /tmp/ccKbUQBP.ltrans0.ltrans.o
 *fill*         0x000000000800264c        0x4 
 .text.sdu_start_receive
                0x0000000008002650       0x54 /tmp/ccKbUQBP.ltrans0.ltrans.o
 *fill*         0x00000000080026a4        0xc 
 .text.ibnotify
                0x00000000080026b0        0xc /tmp/ccKbUQBP.ltrans0.ltrans.o
 *fill*         0x00000000080026bc        0x4 
 .text.sdInit   0x00000000080026c0        0x8 /tmp/ccKbUQBP.ltrans0.ltrans.o
 *fill*         0x00000000080026c8        0x8 
 .text.pwmInit  0x00000000080026d0        0x8 /tmp/ccKbUQBP.ltrans0.ltrans.o
 *fill*         0x00000000080026d8        0x8 
 .text.oqPutTimeout
                0x00000000080026e0       0x54 /tmp/ccKbUQBP.ltrans0.ltrans.o
 *fill*         0x0000000008002734        0xc 
 .text._putt.lto_priv.158
                0x0000000008002740        0xc /tmp/ccKbUQBP.ltrans0.ltrans.o
 *fill*         0x000000000800274c        0x4 
 .text._put.lto_priv.162
                0x0000000008002750       0x10 /tmp/ccKbUQBP.ltrans0.ltrans.o
 .text.iqGetTimeout
                0x0000000008002760       0x54 /tmp/ccKbUQBP.ltrans0.ltrans.o
 *fill*         0x00000000080027b4        0xc 
 .text._gett.lto_priv.156
                0x00000000080027c0        0xc /tmp/ccKbUQBP.ltrans0.ltrans.o
 *fill*         0x00000000080027cc        0x4 
 .text._get.lto_priv.160
                0x00000000080027d0       0x10 /tmp/ccKbUQBP.ltrans0.ltrans.o
 .text.obqGetEmptyBufferTimeoutS
                0x00000000080027e0       0x34 /tmp/ccKbUQBP.ltrans0.ltrans.o
 *fill*         0x0000000008002814        0xc 
 .text.obqPutTimeout
                0x0000000008002820       0x44 /tmp/ccKbUQBP.ltrans0.ltrans.o
 *fill*         0x0000000008002864        0xc 
 .text._putt.lto_priv.159
                0x0000000008002870        0xc /tmp/ccKbUQBP.ltrans0.ltrans.o
 *fill*         0x000000000800287c        0x4 
 .text._put.lto_priv.163
                0x0000000008002880       0x10 /tmp/ccKbUQBP.ltrans0.ltrans.o
 .text.ibqGetFullBufferTimeoutS
                0x0000000008002890       0x34 /tmp/ccKbUQBP.ltrans0.ltrans.o
 *fill*         0x00000000080028c4        0xc 
 .text.ibqGetTimeout
                0x00000000080028d0       0x3c /tmp/ccKbUQBP.ltrans0.ltrans.o
 *fill*         0x000000000800290c        0x4 
 .text._gett.lto_priv.157
                0x0000000008002910        0xc /tmp/ccKbUQBP.ltrans0.ltrans.o
 *fill*         0x000000000800291c        0x4 
 .text._get.lto_priv.161
                0x0000000008002920       0x10 /tmp/ccKbUQBP.ltrans0.ltrans.o
 .text.iqPutI   0x0000000008002930       0x40 /tmp/ccKbUQBP.ltrans0.ltrans.o
 .text.obqReleaseEmptyBufferI
                0x0000000008002970       0x24 /tmp/ccKbUQBP.ltrans0.ltrans.o
 *fill*         0x0000000008002994        0xc 
 .text.sduDataTransmitted
                0x00000000080029a0       0x80 /tmp/ccKbUQBP.ltrans0.ltrans.o
                0x00000000080029a0                sduDataTransmitted
 .text.ibqPostFullBufferI
                0x0000000008002a20       0x28 /tmp/ccKbUQBP.ltrans0.ltrans.o
 *fill*         0x0000000008002a48        0x8 
 .text.sduDataReceived
                0x0000000008002a50       0x48 /tmp/ccKbUQBP.ltrans0.ltrans.o
                0x0000000008002a50                sduDataReceived
 *fill*         0x0000000008002a98        0x8 
 .text.oq_write
                0x0000000008002aa0       0x68 /tmp/ccKbUQBP.ltrans0.ltrans.o
 *fill*         0x0000000008002b08        0x8 
 .text.oqWriteTimeout
                0x0000000008002b10       0x60 /tmp/ccKbUQBP.ltrans0.ltrans.o
 .text._writet.lto_priv.154
                0x0000000008002b70        0xc /tmp/ccKbUQBP.ltrans0.ltrans.o
 *fill*         0x0000000008002b7c        0x4 
 .text._write.lto_priv.166
                0x0000000008002b80       0x10 /tmp/ccKbUQBP.ltrans0.ltrans.o
 .text.iq_read  0x0000000008002b90       0x68 /tmp/ccKbUQBP.ltrans0.ltrans.o
 *fill*         0x0000000008002bf8        0x8 
 .text.iqReadTimeout
                0x0000000008002c00       0x60 /tmp/ccKbUQBP.ltrans0.ltrans.o
 .text._readt.lto_priv.152
                0x0000000008002c60        0xc /tmp/ccKbUQBP.ltrans0.ltrans.o
 *fill*         0x0000000008002c6c        0x4 
 .text._read.lto_priv.164
                0x0000000008002c70       0x10 /tmp/ccKbUQBP.ltrans0.ltrans.o
 .text.obqWriteTimeout
                0x0000000008002c80       0xac /tmp/ccKbUQBP.ltrans0.ltrans.o
 *fill*         0x0000000008002d2c        0x4 
 .text._writet.lto_priv.155
                0x0000000008002d30        0xc /tmp/ccKbUQBP.ltrans0.ltrans.o
 *fill*         0x0000000008002d3c        0x4 
 .text._write.lto_priv.167
                0x0000000008002d40       0x10 /tmp/ccKbUQBP.ltrans0.ltrans.o
 .text.ibqReadTimeout
                0x0000000008002d50       0xa8 /tmp/ccKbUQBP.ltrans0.ltrans.o
 *fill*         0x0000000008002df8        0x8 
 .text._readt.lto_priv.153
                0x0000000008002e00        0xc /tmp/ccKbUQBP.ltrans0.ltrans.o
 *fill*         0x0000000008002e0c        0x4 
 .text._read.lto_priv.165
                0x0000000008002e10       0x10 /tmp/ccKbUQBP.ltrans0.ltrans.o
 .text.stInit   0x0000000008002e20        0x8 /tmp/ccKbUQBP.ltrans0.ltrans.o
 *fill*         0x0000000008002e28        0x8 
 .text.usbStart
                0x0000000008002e30       0x34 /tmp/ccKbUQBP.ltrans0.ltrans.o
                0x0000000008002e30                usbStart
 *fill*         0x0000000008002e64        0xc 
 .text.usbObjectInit
                0x0000000008002e70       0x2c /tmp/ccKbUQBP.ltrans0.ltrans.o
                0x0000000008002e70                usbObjectInit
 *fill*         0x0000000008002e9c        0x4 
 .text.get_hword.lto_priv.146
                0x0000000008002ea0        0xc /tmp/ccKbUQBP.ltrans0.ltrans.o
                0x0000000008002ea0                get_hword.lto_priv.146
 *fill*         0x0000000008002eac        0x4 
 .text.default_handler.lto_priv.147
                0x0000000008002eb0      0x280 /tmp/ccKbUQBP.ltrans0.ltrans.o
                0x0000000008002eb0                default_handler.lto_priv.147
 .text.sduSOFHookI
                0x0000000008003130       0x50 /tmp/ccKbUQBP.ltrans0.ltrans.o
                0x0000000008003130                sduSOFHookI
 .text.sduConfigureHookI
                0x0000000008003180       0x2c /tmp/ccKbUQBP.ltrans0.ltrans.o
                0x0000000008003180                sduConfigureHookI
 *fill*         0x00000000080031ac        0x4 
 .text.sduWakeupHookI
                0x00000000080031b0       0x18 /tmp/ccKbUQBP.ltrans0.ltrans.o
                0x00000000080031b0                sduWakeupHookI
 *fill*         0x00000000080031c8        0x8 
 .text.sduSuspendHookI
                0x00000000080031d0       0x38 /tmp/ccKbUQBP.ltrans0.ltrans.o
                0x00000000080031d0                sduSuspendHookI
 *fill*         0x0000000008003208        0x8 
 .text.sduStart
                0x0000000008003210       0x38 /tmp/ccKbUQBP.ltrans0.ltrans.o
                0x0000000008003210                sduStart
 *fill*         0x0000000008003248        0x8 
 .text.sduObjectInit
                0x0000000008003250       0x58 /tmp/ccKbUQBP.ltrans0.ltrans.o
                0x0000000008003250                sduObjectInit
 *fill*         0x00000000080032a8        0x8 
 .text.sdIncomingDataI
                0x00000000080032b0       0x2c /tmp/ccKbUQBP.ltrans0.ltrans.o
                0x00000000080032b0                sdIncomingDataI
 *fill*         0x00000000080032dc        0x4 
 .text.sdStart  0x00000000080032e0       0x1c /tmp/ccKbUQBP.ltrans0.ltrans.o
                0x00000000080032e0                sdStart
 *fill*         0x00000000080032fc        0x4 
 .text.sdObjectInit
                0x0000000008003300       0x40 /tmp/ccKbUQBP.ltrans0.ltrans.o
                0x0000000008003300                sdObjectInit
 .text.pwmEnableChannel
                0x0000000008003340       0x20 /tmp/ccKbUQBP.ltrans0.ltrans.o
                0x0000000008003340                pwmEnableChannel
 .text.pwmStart
                0x0000000008003360       0x24 /tmp/ccKbUQBP.ltrans0.ltrans.o
                0x0000000008003360                pwmStart
 *fill*         0x0000000008003384        0xc 
 .text.pwmObjectInit
                0x0000000008003390       0x10 /tmp/ccKbUQBP.ltrans0.ltrans.o
                0x0000000008003390                pwmObjectInit
 .text.oqGetI   0x00000000080033a0       0x40 /tmp/ccKbUQBP.ltrans0.ltrans.o
                0x00000000080033a0                oqGetI
 .text.obqPostFullBuffer
                0x00000000080033e0       0x14 /tmp/ccKbUQBP.ltrans0.ltrans.o
                0x00000000080033e0                obqPostFullBuffer
 *fill*         0x00000000080033f4        0xc 
 .text.obqGetEmptyBufferTimeout
                0x0000000008003400       0x14 /tmp/ccKbUQBP.ltrans0.ltrans.o
                0x0000000008003400                obqGetEmptyBufferTimeout
 *fill*         0x0000000008003414        0xc 
 .text.stSetAlarm
                0x0000000008003420        0xc /tmp/ccKbUQBP.ltrans0.ltrans.o
                0x0000000008003420                stSetAlarm
 *fill*         0x000000000800342c        0x4 
 .text.stStopAlarm
                0x0000000008003430        0xc /tmp/ccKbUQBP.ltrans0.ltrans.o
                0x0000000008003430                stStopAlarm
 *fill*         0x000000000800343c        0x4 
 .text.stStartAlarm
                0x0000000008003440       0x14 /tmp/ccKbUQBP.ltrans0.ltrans.o
                0x0000000008003440                stStartAlarm
 *fill*         0x0000000008003454        0xc 
 .text.halInit  0x0000000008003460       0x1c /tmp/ccKbUQBP.ltrans0.ltrans.o
                0x0000000008003460                halInit
 *fill*         0x000000000800347c        0x4 
 .text.__init_ram_areas
                0x0000000008003480       0x38 /tmp/ccKbUQBP.ltrans0.ltrans.o
                0x0000000008003480                __init_ram_areas
 *fill*         0x00000000080034b8        0x8 
 .text.__default_exit
                0x00000000080034c0        0x4 /tmp/ccKbUQBP.ltrans0.ltrans.o
                0x00000000080034c0                __default_exit
 *fill*         0x00000000080034c4        0xc 
 .text.__late_init
                0x00000000080034d0        0x4 /tmp/ccKbUQBP.ltrans0.ltrans.o
                0x00000000080034d0                __late_init
 *fill*         0x00000000080034d4        0xc 
 .text.__core_init
                0x00000000080034e0        0x4 /tmp/ccKbUQBP.ltrans0.ltrans.o
                0x00000000080034e0                __core_init
 *fill*         0x00000000080034e4        0xc 
 .text.oslib_test_001_002_execute.lto_priv.34
                0x00000000080034f0      0x338 /tmp/ccKbUQBP.ltrans1.ltrans.o
                0x00000000080034f0                oslib_test_001_002_execute.lto_priv.34
 *fill*         0x0000000008003828        0x8 
 .text.oslib_test_001_002_teardown.lto_priv.33
                0x0000000008003830       0x10 /tmp/ccKbUQBP.ltrans1.ltrans.o
                0x0000000008003830                oslib_test_001_002_teardown.lto_priv.33
 .text.oslib_test_001_001_teardown.lto_priv.30
                0x0000000008003840       0x10 /tmp/ccKbUQBP.ltrans1.ltrans.o
                0x0000000008003840                oslib_test_001_001_teardown.lto_priv.30
 .text.oslib_test_001_002_setup.lto_priv.32
                0x0000000008003850       0x18 /tmp/ccKbUQBP.ltrans1.ltrans.o
                0x0000000008003850                oslib_test_001_002_setup.lto_priv.32
 *fill*         0x0000000008003868        0x8 
 .text.oslib_test_001_001_setup.lto_priv.29
                0x0000000008003870       0x18 /tmp/ccKbUQBP.ltrans1.ltrans.o
                0x0000000008003870                oslib_test_001_001_setup.lto_priv.29
 *fill*         0x0000000008003888        0x8 
 .text.oslib_test_001_001_execute.lto_priv.31
                0x0000000008003890      0x398 /tmp/ccKbUQBP.ltrans1.ltrans.o
                0x0000000008003890                oslib_test_001_001_execute.lto_priv.31
 *fill*         0x0000000008003c28        0x8 
 .text.rt_test_010_012_execute.lto_priv.135
                0x0000000008003c30       0xfc /tmp/ccKbUQBP.ltrans1.ltrans.o
                0x0000000008003c30                rt_test_010_012_execute.lto_priv.135
 *fill*         0x0000000008003d2c        0x4 
 .text.rt_test_010_011_execute.lto_priv.134
                0x0000000008003d30       0x80 /tmp/ccKbUQBP.ltrans1.ltrans.o
                0x0000000008003d30                rt_test_010_011_execute.lto_priv.134
 .text.rt_test_010_011_setup.lto_priv.133
                0x0000000008003db0       0x10 /tmp/ccKbUQBP.ltrans1.ltrans.o
                0x0000000008003db0                rt_test_010_011_setup.lto_priv.133
 .text.rt_test_010_010_execute.lto_priv.132
                0x0000000008003dc0       0x80 /tmp/ccKbUQBP.ltrans1.ltrans.o
                0x0000000008003dc0                rt_test_010_010_execute.lto_priv.132
 .text.bmk_thread7
                0x0000000008003e40       0x24 /tmp/ccKbUQBP.ltrans1.ltrans.o
 *fill*         0x0000000008003e64        0xc 
 .text.rt_test_010_010_setup.lto_priv.131
                0x0000000008003e70       0x10 /tmp/ccKbUQBP.ltrans1.ltrans.o
                0x0000000008003e70                rt_test_010_010_setup.lto_priv.131
 .text.rt_test_010_007_setup.lto_priv.127
                0x0000000008003e80       0x10 /tmp/ccKbUQBP.ltrans1.ltrans.o
                0x0000000008003e80                rt_test_010_007_setup.lto_priv.127
 .text.rt_test_010_009_execute.lto_priv.130
                0x0000000008003e90       0x94 /tmp/ccKbUQBP.ltrans1.ltrans.o
                0x0000000008003e90                rt_test_010_009_execute.lto_priv.130
 *fill*         0x0000000008003f24        0xc 
 .text.rt_test_010_008_execute.lto_priv.129
                0x0000000008003f30       0xf4 /tmp/ccKbUQBP.ltrans1.ltrans.o
                0x0000000008003f30                rt_test_010_008_execute.lto_priv.129
 *fill*         0x0000000008004024        0xc 
 .text.bmk_thread8
                0x0000000008004030       0x30 /tmp/ccKbUQBP.ltrans1.ltrans.o
 .text.rt_test_010_007_execute.lto_priv.128
                0x0000000008004060      0x128 /tmp/ccKbUQBP.ltrans1.ltrans.o
                0x0000000008004060                rt_test_010_007_execute.lto_priv.128
 *fill*         0x0000000008004188        0x8 
 .text.rt_test_010_006_execute.lto_priv.126
                0x0000000008004190       0x78 /tmp/ccKbUQBP.ltrans1.ltrans.o
                0x0000000008004190                rt_test_010_006_execute.lto_priv.126
 *fill*         0x0000000008004208        0x8 
 .text.rt_test_010_005_execute.lto_priv.125
                0x0000000008004210       0x78 /tmp/ccKbUQBP.ltrans1.ltrans.o
                0x0000000008004210                rt_test_010_005_execute.lto_priv.125
 *fill*         0x0000000008004288        0x8 
 .text.rt_test_010_004_execute.lto_priv.124
                0x0000000008004290       0xc8 /tmp/ccKbUQBP.ltrans1.ltrans.o
                0x0000000008004290                rt_test_010_004_execute.lto_priv.124
 *fill*         0x0000000008004358        0x8 
 .text.bmk_thread4
                0x0000000008004360       0x24 /tmp/ccKbUQBP.ltrans1.ltrans.o
 *fill*         0x0000000008004384        0xc 
 .text.bmk_thread1
                0x0000000008004390       0x14 /tmp/ccKbUQBP.ltrans1.ltrans.o
 *fill*         0x00000000080043a4        0xc 
 .text.msg_loop_test
                0x00000000080043b0       0x34 /tmp/ccKbUQBP.ltrans1.ltrans.o
 *fill*         0x00000000080043e4        0xc 
 .text.rt_test_010_003_execute.lto_priv.123
                0x00000000080043f0       0xf8 /tmp/ccKbUQBP.ltrans1.ltrans.o
                0x00000000080043f0                rt_test_010_003_execute.lto_priv.123
 *fill*         0x00000000080044e8        0x8 
 .text.rt_test_010_002_execute.lto_priv.122
                0x00000000080044f0       0x7c /tmp/ccKbUQBP.ltrans1.ltrans.o
                0x00000000080044f0                rt_test_010_002_execute.lto_priv.122
 *fill*         0x000000000800456c        0x4 
 .text.rt_test_010_001_execute.lto_priv.121
                0x0000000008004570       0x7c /tmp/ccKbUQBP.ltrans1.ltrans.o
                0x0000000008004570                rt_test_010_001_execute.lto_priv.121
 *fill*         0x00000000080045ec        0x4 
 .text.bmk_thread3
                0x00000000080045f0        0x8 /tmp/ccKbUQBP.ltrans1.ltrans.o
 *fill*         0x00000000080045f8        0x8 
 .text.tmo.lto_priv.6
                0x0000000008004600        0x4 /tmp/ccKbUQBP.ltrans2.ltrans.o
                0x0000000008004600                tmo.lto_priv.6
 *fill*         0x0000000008004604        0xc 
 .text.rt_test_006_004_teardown.lto_priv.93
                0x0000000008004610        0x8 /tmp/ccKbUQBP.ltrans2.ltrans.o
                0x0000000008004610                rt_test_006_004_teardown.lto_priv.93
 *fill*         0x0000000008004618        0x8 
 .text.rt_test_009_002_execute.lto_priv.120
                0x0000000008004620      0x17c /tmp/ccKbUQBP.ltrans2.ltrans.o
                0x0000000008004620                rt_test_009_002_execute.lto_priv.120
 *fill*         0x000000000800479c        0x4 
 .text.dyn_thread1
                0x00000000080047a0        0xc /tmp/ccKbUQBP.ltrans2.ltrans.o
 *fill*         0x00000000080047ac        0x4 
 .text.h3       0x00000000080047b0        0xc /tmp/ccKbUQBP.ltrans2.ltrans.o
 *fill*         0x00000000080047bc        0x4 
 .text.h2       0x00000000080047c0        0xc /tmp/ccKbUQBP.ltrans2.ltrans.o
 *fill*         0x00000000080047cc        0x4 
 .text.h1       0x00000000080047d0        0xc /tmp/ccKbUQBP.ltrans2.ltrans.o
 *fill*         0x00000000080047dc        0x4 
 .text.rt_test_009_002_setup.lto_priv.119
                0x00000000080047e0       0x18 /tmp/ccKbUQBP.ltrans2.ltrans.o
                0x00000000080047e0                rt_test_009_002_setup.lto_priv.119
 *fill*         0x00000000080047f8        0x8 
 .text.rt_test_009_001_execute.lto_priv.118
                0x0000000008004800      0x168 /tmp/ccKbUQBP.ltrans2.ltrans.o
                0x0000000008004800                rt_test_009_001_execute.lto_priv.118
 *fill*         0x0000000008004968        0x8 
 .text.rt_test_009_001_setup.lto_priv.117
                0x0000000008004970       0x18 /tmp/ccKbUQBP.ltrans2.ltrans.o
                0x0000000008004970                rt_test_009_001_setup.lto_priv.117
 *fill*         0x0000000008004988        0x8 
 .text.rt_test_008_007_setup.lto_priv.115
                0x0000000008004990       0x1c /tmp/ccKbUQBP.ltrans2.ltrans.o
                0x0000000008004990                rt_test_008_007_setup.lto_priv.115
 *fill*         0x00000000080049ac        0x4 
 .text.rt_test_008_006_setup.lto_priv.113
                0x00000000080049b0        0xc /tmp/ccKbUQBP.ltrans2.ltrans.o
                0x00000000080049b0                rt_test_008_006_setup.lto_priv.113
 *fill*         0x00000000080049bc        0x4 
 .text.rt_test_008_005_setup.lto_priv.111
                0x00000000080049c0        0xc /tmp/ccKbUQBP.ltrans2.ltrans.o
                0x00000000080049c0                rt_test_008_005_setup.lto_priv.111
 *fill*         0x00000000080049cc        0x4 
 .text.rt_test_008_004_setup.lto_priv.109
                0x00000000080049d0        0xc /tmp/ccKbUQBP.ltrans2.ltrans.o
                0x00000000080049d0                rt_test_008_004_setup.lto_priv.109
 *fill*         0x00000000080049dc        0x4 
 .text.rt_test_008_003_setup.lto_priv.107
                0x00000000080049e0        0xc /tmp/ccKbUQBP.ltrans2.ltrans.o
                0x00000000080049e0                rt_test_008_003_setup.lto_priv.107
 *fill*         0x00000000080049ec        0x4 
 .text.rt_test_008_002_setup.lto_priv.105
                0x00000000080049f0        0xc /tmp/ccKbUQBP.ltrans2.ltrans.o
                0x00000000080049f0                rt_test_008_002_setup.lto_priv.105
 *fill*         0x00000000080049fc        0x4 
 .text.rt_test_008_007_execute.lto_priv.116
                0x0000000008004a00       0xec /tmp/ccKbUQBP.ltrans2.ltrans.o
                0x0000000008004a00                rt_test_008_007_execute.lto_priv.116
 *fill*         0x0000000008004aec        0x4 
 .text.rt_test_008_001_execute.lto_priv.104
                0x0000000008004af0       0xcc /tmp/ccKbUQBP.ltrans2.ltrans.o
                0x0000000008004af0                rt_test_008_001_execute.lto_priv.104
 *fill*         0x0000000008004bbc        0x4 
 .text.evt_thread7
                0x0000000008004bc0       0x24 /tmp/ccKbUQBP.ltrans2.ltrans.o
 *fill*         0x0000000008004be4        0xc 
 .text.rt_test_008_006_execute.lto_priv.114
                0x0000000008004bf0       0xb0 /tmp/ccKbUQBP.ltrans2.ltrans.o
                0x0000000008004bf0                rt_test_008_006_execute.lto_priv.114
 .text.rt_test_008_005_execute.lto_priv.112
                0x0000000008004ca0       0xe0 /tmp/ccKbUQBP.ltrans2.ltrans.o
                0x0000000008004ca0                rt_test_008_005_execute.lto_priv.112
 .text.evt_thread3
                0x0000000008004d80       0x18 /tmp/ccKbUQBP.ltrans2.ltrans.o
 *fill*         0x0000000008004d98        0x8 
 .text.rt_test_008_004_execute.lto_priv.110
                0x0000000008004da0       0xe0 /tmp/ccKbUQBP.ltrans2.ltrans.o
                0x0000000008004da0                rt_test_008_004_execute.lto_priv.110
 .text.rt_test_008_003_execute.lto_priv.108
                0x0000000008004e80      0x114 /tmp/ccKbUQBP.ltrans2.ltrans.o
                0x0000000008004e80                rt_test_008_003_execute.lto_priv.108
 *fill*         0x0000000008004f94        0xc 
 .text.rt_test_008_002_execute.lto_priv.106
                0x0000000008004fa0       0x2c /tmp/ccKbUQBP.ltrans2.ltrans.o
                0x0000000008004fa0                rt_test_008_002_execute.lto_priv.106
 *fill*         0x0000000008004fcc        0x4 
 .text.rt_test_007_001_execute.lto_priv.103
                0x0000000008004fd0       0x70 /tmp/ccKbUQBP.ltrans2.ltrans.o
                0x0000000008004fd0                rt_test_007_001_execute.lto_priv.103
 .text.msg_thread1
                0x0000000008005040       0x24 /tmp/ccKbUQBP.ltrans2.ltrans.o
 *fill*         0x0000000008005064        0xc 
 .text.rt_test_006_009_execute.lto_priv.102
                0x0000000008005070       0xb8 /tmp/ccKbUQBP.ltrans2.ltrans.o
                0x0000000008005070                rt_test_006_009_execute.lto_priv.102
 *fill*         0x0000000008005128        0x8 
 .text.rt_test_006_005_setup.lto_priv.95
                0x0000000008005130       0x10 /tmp/ccKbUQBP.ltrans2.ltrans.o
                0x0000000008005130                rt_test_006_005_setup.lto_priv.95
 .text.rt_test_006_004_setup.lto_priv.92
                0x0000000008005140       0x18 /tmp/ccKbUQBP.ltrans2.ltrans.o
                0x0000000008005140                rt_test_006_004_setup.lto_priv.92
 *fill*         0x0000000008005158        0x8 
 .text.rt_test_006_009_setup.lto_priv.101
                0x0000000008005160       0x24 /tmp/ccKbUQBP.ltrans2.ltrans.o
                0x0000000008005160                rt_test_006_009_setup.lto_priv.101
 *fill*         0x0000000008005184        0xc 
 .text.rt_test_006_008_setup.lto_priv.99
                0x0000000008005190       0x18 /tmp/ccKbUQBP.ltrans2.ltrans.o
                0x0000000008005190                rt_test_006_008_setup.lto_priv.99
 *fill*         0x00000000080051a8        0x8 
 .text.rt_test_006_007_setup.lto_priv.97
                0x00000000080051b0       0x18 /tmp/ccKbUQBP.ltrans2.ltrans.o
                0x00000000080051b0                rt_test_006_007_setup.lto_priv.97
 *fill*         0x00000000080051c8        0x8 
 .text.rt_test_006_008_execute.lto_priv.100
                0x00000000080051d0       0xd8 /tmp/ccKbUQBP.ltrans2.ltrans.o
                0x00000000080051d0                rt_test_006_008_execute.lto_priv.100
 *fill*         0x00000000080052a8        0x8 
 .text.rt_test_006_007_execute.lto_priv.98
                0x00000000080052b0      0x104 /tmp/ccKbUQBP.ltrans2.ltrans.o
                0x00000000080052b0                rt_test_006_007_execute.lto_priv.98
 *fill*         0x00000000080053b4        0xc 
 .text.rt_test_006_005_execute.lto_priv.96
                0x00000000080053c0      0x118 /tmp/ccKbUQBP.ltrans2.ltrans.o
                0x00000000080053c0                rt_test_006_005_execute.lto_priv.96
 *fill*         0x00000000080054d8        0x8 
 .text.rt_test_006_004_execute.lto_priv.94
                0x00000000080054e0      0x138 /tmp/ccKbUQBP.ltrans2.ltrans.o
                0x00000000080054e0                rt_test_006_004_execute.lto_priv.94
 *fill*         0x0000000008005618        0x8 
 .text.otg_isoc_out_failed_handler
                0x0000000008005620       0x5c /tmp/ccKbUQBP.ltrans3.ltrans.o
 *fill*         0x000000000800567c        0x4 
 .text.otg_fifo_read_to_buffer
                0x0000000008005680       0x24 /tmp/ccKbUQBP.ltrans3.ltrans.o
 *fill*         0x00000000080056a4        0xc 
 .text.otg_rxfifo_handler
                0x00000000080056b0       0x6c /tmp/ccKbUQBP.ltrans3.ltrans.o
 *fill*         0x000000000800571c        0x4 
 .text.otg_fifo_write_from_buffer
                0x0000000008005720       0x10 /tmp/ccKbUQBP.ltrans3.ltrans.o
 .text.otg_txfifo_handler
                0x0000000008005730       0x7c /tmp/ccKbUQBP.ltrans3.ltrans.o
 *fill*         0x00000000080057ac        0x4 
 .text.hal_lld_backup_domain_init
                0x00000000080057b0       0x38 /tmp/ccKbUQBP.ltrans3.ltrans.o
 *fill*         0x00000000080057e8        0x8 
 .text._usb_wakeup
                0x00000000080057f0       0x14 /tmp/ccKbUQBP.ltrans3.ltrans.o
 *fill*         0x0000000008005804        0xc 
 .text._usb_suspend
                0x0000000008005810       0x18 /tmp/ccKbUQBP.ltrans3.ltrans.o
 *fill*         0x0000000008005828        0x8 
 .text.otg_epout_handler
                0x0000000008005830       0x9c /tmp/ccKbUQBP.ltrans3.ltrans.o
 *fill*         0x00000000080058cc        0x4 
 .text.otg_epin_handler
                0x00000000080058d0       0x90 /tmp/ccKbUQBP.ltrans3.ltrans.o
 .text.otg_core_reset
                0x0000000008005960       0x2c /tmp/ccKbUQBP.ltrans3.ltrans.o
 *fill*         0x000000000800598c        0x4 
 .text._usb_reset
                0x0000000008005990       0x48 /tmp/ccKbUQBP.ltrans3.ltrans.o
 *fill*         0x00000000080059d8        0x8 
 .text.usb_lld_init
                0x00000000080059e0       0x24 /tmp/ccKbUQBP.ltrans3.ltrans.o
                0x00000000080059e0                usb_lld_init
 *fill*         0x0000000008005a04        0xc 
 .text.otg_ram_alloc.lto_priv.144
                0x0000000008005a10       0x10 /tmp/ccKbUQBP.ltrans3.ltrans.o
                0x0000000008005a10                otg_ram_alloc.lto_priv.144
 .text.otg_ram_reset.lto_priv.142
                0x0000000008005a20        0xc /tmp/ccKbUQBP.ltrans3.ltrans.o
                0x0000000008005a20                otg_ram_reset.lto_priv.142
 *fill*         0x0000000008005a2c        0x4 
 .text.otg_txfifo_flush.lto_priv.143
                0x0000000008005a30       0x20 /tmp/ccKbUQBP.ltrans3.ltrans.o
                0x0000000008005a30                otg_txfifo_flush.lto_priv.143
 .text.otg_isoc_in_failed_handler
                0x0000000008005a50       0x88 /tmp/ccKbUQBP.ltrans3.ltrans.o
 *fill*         0x0000000008005ad8        0x8 
 .text.usb_lld_serve_interrupt
                0x0000000008005ae0      0x1a4 /tmp/ccKbUQBP.ltrans3.ltrans.o
 *fill*         0x0000000008005c84        0xc 
 .text.Vector174
                0x0000000008005c90       0x14 /tmp/ccKbUQBP.ltrans3.ltrans.o
                0x0000000008005c90                Vector174
 *fill*         0x0000000008005ca4        0xc 
 .text.otg_rxfifo_flush.lto_priv.145
                0x0000000008005cb0       0x1c /tmp/ccKbUQBP.ltrans3.ltrans.o
                0x0000000008005cb0                otg_rxfifo_flush.lto_priv.145
 *fill*         0x0000000008005ccc        0x4 
 .text.otg_disable_ep.lto_priv.141
                0x0000000008005cd0       0x4c /tmp/ccKbUQBP.ltrans3.ltrans.o
                0x0000000008005cd0                otg_disable_ep.lto_priv.141
 *fill*         0x0000000008005d1c        0x4 
 .text._pal_lld_setgroupmode
                0x0000000008005d20       0xd0 /tmp/ccKbUQBP.ltrans3.ltrans.o
                0x0000000008005d20                _pal_lld_setgroupmode
 .text.stm32_clock_init
                0x0000000008005df0      0x154 /tmp/ccKbUQBP.ltrans3.ltrans.o
                0x0000000008005df0                stm32_clock_init
 *fill*         0x0000000008005f44        0xc 
 .text.nvicEnableVector
                0x0000000008005f50       0x2c /tmp/ccKbUQBP.ltrans3.ltrans.o
                0x0000000008005f50                nvicEnableVector
 *fill*         0x0000000008005f7c        0x4 
 .text.usb_lld_start
                0x0000000008005f80       0xc0 /tmp/ccKbUQBP.ltrans3.ltrans.o
                0x0000000008005f80                usb_lld_start
 .text.irqInit  0x0000000008006040       0x3c /tmp/ccKbUQBP.ltrans3.ltrans.o
 *fill*         0x000000000800607c        0x4 
 .text.hal_lld_init
                0x0000000008006080       0x60 /tmp/ccKbUQBP.ltrans3.ltrans.o
                0x0000000008006080                hal_lld_init
 .text.qeiGetCount
                0x00000000080060e0       0x14 /tmp/ccKbUQBP.ltrans3.ltrans.o
                0x00000000080060e0                qeiGetCount
 *fill*         0x00000000080060f4        0xc 
 .text.qeiEnable
                0x0000000008006100       0x1c /tmp/ccKbUQBP.ltrans3.ltrans.o
                0x0000000008006100                qeiEnable
 *fill*         0x000000000800611c        0x4 
 .text.qeiStart
                0x0000000008006120       0x1c /tmp/ccKbUQBP.ltrans3.ltrans.o
                0x0000000008006120                qeiStart
 *fill*         0x000000000800613c        0x4 
 .text.qeiObjectInit
                0x0000000008006140        0xc /tmp/ccKbUQBP.ltrans3.ltrans.o
                0x0000000008006140                qeiObjectInit
 *fill*         0x000000000800614c        0x4 
 .text.qeiInit  0x0000000008006150        0x8 /tmp/ccKbUQBP.ltrans3.ltrans.o
                0x0000000008006150                qeiInit
 *fill*         0x0000000008006158        0x8 
 .text.usbStartTransmitI
                0x0000000008006160       0x28 /tmp/ccKbUQBP.ltrans3.ltrans.o
                0x0000000008006160                usbStartTransmitI
 *fill*         0x0000000008006188        0x8 
 .text._usb_ep0out
                0x0000000008006190       0x7c /tmp/ccKbUQBP.ltrans3.ltrans.o
                0x0000000008006190                _usb_ep0out
 *fill*         0x000000000800620c        0x4 
 .text.usbStartReceiveI
                0x0000000008006210       0x28 /tmp/ccKbUQBP.ltrans3.ltrans.o
                0x0000000008006210                usbStartReceiveI
 *fill*         0x0000000008006238        0x8 
 .text._usb_ep0in
                0x0000000008006240       0xb0 /tmp/ccKbUQBP.ltrans3.ltrans.o
                0x0000000008006240                _usb_ep0in
 .text._usb_ep0setup
                0x00000000080062f0       0xfc /tmp/ccKbUQBP.ltrans3.ltrans.o
                0x00000000080062f0                _usb_ep0setup
 *fill*         0x00000000080063ec        0x4 
 .text.usbDisableEndpointsI
                0x00000000080063f0       0x2c /tmp/ccKbUQBP.ltrans3.ltrans.o
                0x00000000080063f0                usbDisableEndpointsI
 *fill*         0x000000000800641c        0x4 
 .text.usbInitEndpointI
                0x0000000008006420       0x2c /tmp/ccKbUQBP.ltrans3.ltrans.o
                0x0000000008006420                usbInitEndpointI
 *fill*         0x000000000800644c        0x4 
 .text._scheduler_init
                0x0000000008006450       0x14 /tmp/ccKbUQBP.ltrans4.ltrans.o
 *fill*         0x0000000008006464        0xc 
 .text._vt_init
                0x0000000008006470       0x1c /tmp/ccKbUQBP.ltrans4.ltrans.o
 *fill*         0x000000000800648c        0x4 
 .text.chSysIsCounterWithinX
                0x0000000008006490       0x10 /tmp/ccKbUQBP.ltrans4.ltrans.o
 .text._idle_thread
                0x00000000080064a0        0x4 /tmp/ccKbUQBP.ltrans4.ltrans.o
 *fill*         0x00000000080064a4        0xc 
 .text.gpio_init
                0x00000000080064b0       0x20 /tmp/ccKbUQBP.ltrans4.ltrans.o
 .text.stm32_gpio_init
                0x00000000080064d0       0xa4 /tmp/ccKbUQBP.ltrans4.ltrans.o
 *fill*         0x0000000008006574        0xc 
 .text.notify2  0x0000000008006580       0x10 /tmp/ccKbUQBP.ltrans4.ltrans.o
 .text.usart_init
                0x0000000008006590       0x8c /tmp/ccKbUQBP.ltrans4.ltrans.o
 *fill*         0x000000000800661c        0x4 
 .text.pwm_lld_serve_interrupt
                0x0000000008006620       0x64 /tmp/ccKbUQBP.ltrans4.ltrans.o
 *fill*         0x0000000008006684        0xc 
 .text.chSysTimerHandlerI
                0x0000000008006690       0x90 /tmp/ccKbUQBP.ltrans4.ltrans.o
 .text.set_error
                0x0000000008006720       0x3c /tmp/ccKbUQBP.ltrans4.ltrans.o
 *fill*         0x000000000800675c        0x4 
 .text.serve_interrupt
                0x0000000008006760       0xe8 /tmp/ccKbUQBP.ltrans4.ltrans.o
 *fill*         0x0000000008006848        0x8 
 .text.chSchReadyAheadI
                0x0000000008006850       0x24 /tmp/ccKbUQBP.ltrans4.ltrans.o
                0x0000000008006850                chSchReadyAheadI
 *fill*         0x0000000008006874        0xc 
 .text.chSchReadyI
                0x0000000008006880       0x24 /tmp/ccKbUQBP.ltrans4.ltrans.o
                0x0000000008006880                chSchReadyI
 *fill*         0x00000000080068a4        0xc 
 .text.chVTDoResetI
                0x00000000080068b0       0x80 /tmp/ccKbUQBP.ltrans4.ltrans.o
                0x00000000080068b0                chVTDoResetI
 .text.chVTDoSetI
                0x0000000008006930       0x88 /tmp/ccKbUQBP.ltrans4.ltrans.o
                0x0000000008006930                chVTDoSetI
 *fill*         0x00000000080069b8        0x8 
 .text.chSysPolledDelayX
                0x00000000080069c0       0x20 /tmp/ccKbUQBP.ltrans4.ltrans.o
                0x00000000080069c0                chSysPolledDelayX
 .text.chSysRestoreStatusX
                0x00000000080069e0       0x24 /tmp/ccKbUQBP.ltrans4.ltrans.o
                0x00000000080069e0                chSysRestoreStatusX
 *fill*         0x0000000008006a04        0xc 
 .text.chSysGetStatusAndLockX
                0x0000000008006a10       0x20 /tmp/ccKbUQBP.ltrans4.ltrans.o
                0x0000000008006a10                chSysGetStatusAndLockX
 .text.chSysIntegrityCheckI
                0x0000000008006a30       0x98 /tmp/ccKbUQBP.ltrans4.ltrans.o
                0x0000000008006a30                chSysIntegrityCheckI
 *fill*         0x0000000008006ac8        0x8 
 .text.chSysHalt
                0x0000000008006ad0        0xc /tmp/ccKbUQBP.ltrans4.ltrans.o
                0x0000000008006ad0                chSysHalt
 *fill*         0x0000000008006adc        0x4 
 .text.chSysInit
                0x0000000008006ae0       0x90 /tmp/ccKbUQBP.ltrans4.ltrans.o
                0x0000000008006ae0                chSysInit
 .text.__early_init
                0x0000000008006b70        0xc /tmp/ccKbUQBP.ltrans4.ltrans.o
                0x0000000008006b70                __early_init
 *fill*         0x0000000008006b7c        0x4 
 .text.sd_lld_start
                0x0000000008006b80       0x48 /tmp/ccKbUQBP.ltrans4.ltrans.o
                0x0000000008006b80                sd_lld_start
 *fill*         0x0000000008006bc8        0x8 
 .text.sd_lld_init
                0x0000000008006bd0       0x20 /tmp/ccKbUQBP.ltrans4.ltrans.o
                0x0000000008006bd0                sd_lld_init
 .text.VectorD8
                0x0000000008006bf0       0x14 /tmp/ccKbUQBP.ltrans4.ltrans.o
                0x0000000008006bf0                VectorD8
 *fill*         0x0000000008006c04        0xc 
 .text.qei_lld_enable
                0x0000000008006c10        0x8 /tmp/ccKbUQBP.ltrans4.ltrans.o
                0x0000000008006c10                qei_lld_enable
 *fill*         0x0000000008006c18        0x8 
 .text.qei_lld_start
                0x0000000008006c20       0xcc /tmp/ccKbUQBP.ltrans4.ltrans.o
                0x0000000008006c20                qei_lld_start
 *fill*         0x0000000008006cec        0x4 
 .text.qei_lld_init
                0x0000000008006cf0       0x2c /tmp/ccKbUQBP.ltrans4.ltrans.o
                0x0000000008006cf0                qei_lld_init
 *fill*         0x0000000008006d1c        0x4 
 .text.pwm_lld_enable_channel
                0x0000000008006d20        0xc /tmp/ccKbUQBP.ltrans4.ltrans.o
                0x0000000008006d20                pwm_lld_enable_channel
 *fill*         0x0000000008006d2c        0x4 
 .text.pwm_lld_start
                0x0000000008006d30      0x16c /tmp/ccKbUQBP.ltrans4.ltrans.o
                0x0000000008006d30                pwm_lld_start
 *fill*         0x0000000008006e9c        0x4 
 .text.pwm_lld_init
                0x0000000008006ea0       0x34 /tmp/ccKbUQBP.ltrans4.ltrans.o
                0x0000000008006ea0                pwm_lld_init
 *fill*         0x0000000008006ed4        0xc 
 .text.VectorF8
                0x0000000008006ee0       0x14 /tmp/ccKbUQBP.ltrans4.ltrans.o
                0x0000000008006ee0                VectorF8
 *fill*         0x0000000008006ef4        0xc 
 .text.VectorF0
                0x0000000008006f00       0x14 /tmp/ccKbUQBP.ltrans4.ltrans.o
                0x0000000008006f00                VectorF0
 *fill*         0x0000000008006f14        0xc 
 .text.VectorB8
                0x0000000008006f20       0x14 /tmp/ccKbUQBP.ltrans4.ltrans.o
                0x0000000008006f20                VectorB8
 *fill*         0x0000000008006f34        0xc 
 .text.st_lld_init
                0x0000000008006f40       0x54 /tmp/ccKbUQBP.ltrans4.ltrans.o
                0x0000000008006f40                st_lld_init
 *fill*         0x0000000008006f94        0xc 
 .text.Vector108
                0x0000000008006fa0       0x2c /tmp/ccKbUQBP.ltrans4.ltrans.o
                0x0000000008006fa0                Vector108
 *fill*         0x0000000008006fcc        0x4 
 .text.usb_lld_clear_in
                0x0000000008006fd0       0x14 /tmp/ccKbUQBP.ltrans4.ltrans.o
                0x0000000008006fd0                usb_lld_clear_in
 *fill*         0x0000000008006fe4        0xc 
 .text.usb_lld_clear_out
                0x0000000008006ff0       0x14 /tmp/ccKbUQBP.ltrans4.ltrans.o
                0x0000000008006ff0                usb_lld_clear_out
 *fill*         0x0000000008007004        0xc 
 .text.usb_lld_stall_in
                0x0000000008007010       0x14 /tmp/ccKbUQBP.ltrans4.ltrans.o
                0x0000000008007010                usb_lld_stall_in
 *fill*         0x0000000008007024        0xc 
 .text.usb_lld_stall_out
                0x0000000008007030       0x14 /tmp/ccKbUQBP.ltrans4.ltrans.o
                0x0000000008007030                usb_lld_stall_out
 *fill*         0x0000000008007044        0xc 
 .text.usb_lld_start_in
                0x0000000008007050       0xc0 /tmp/ccKbUQBP.ltrans4.ltrans.o
                0x0000000008007050                usb_lld_start_in
 .text.usb_lld_start_out
                0x0000000008007110       0x98 /tmp/ccKbUQBP.ltrans4.ltrans.o
                0x0000000008007110                usb_lld_start_out
 *fill*         0x00000000080071a8        0x8 
 .text.usb_lld_read_setup
                0x00000000080071b0       0x14 /tmp/ccKbUQBP.ltrans4.ltrans.o
                0x00000000080071b0                usb_lld_read_setup
 *fill*         0x00000000080071c4        0xc 
 .text.usb_lld_get_status_in
                0x00000000080071d0       0x24 /tmp/ccKbUQBP.ltrans4.ltrans.o
                0x00000000080071d0                usb_lld_get_status_in
 *fill*         0x00000000080071f4        0xc 
 .text.usb_lld_get_status_out
                0x0000000008007200       0x24 /tmp/ccKbUQBP.ltrans4.ltrans.o
                0x0000000008007200                usb_lld_get_status_out
 *fill*         0x0000000008007224        0xc 
 .text.usb_lld_disable_endpoints
                0x0000000008007230       0x10 /tmp/ccKbUQBP.ltrans4.ltrans.o
                0x0000000008007230                usb_lld_disable_endpoints
 .text.usb_lld_init_endpoint
                0x0000000008007240      0x148 /tmp/ccKbUQBP.ltrans4.ltrans.o
                0x0000000008007240                usb_lld_init_endpoint
 *fill*         0x0000000008007388        0x8 
 .text.usb_lld_set_address
                0x0000000008007390       0x1c /tmp/ccKbUQBP.ltrans4.ltrans.o
                0x0000000008007390                usb_lld_set_address
 *fill*         0x00000000080073ac        0x4 
 .text.usb_lld_reset
                0x00000000080073b0       0xb8 /tmp/ccKbUQBP.ltrans4.ltrans.o
                0x00000000080073b0                usb_lld_reset
 *fill*         0x0000000008007468        0x8 
 .text.rt_test_004_001_setup.lto_priv.74
                0x0000000008007470        0xc /tmp/ccKbUQBP.ltrans5.ltrans.o
                0x0000000008007470                rt_test_004_001_setup.lto_priv.74
 *fill*         0x000000000800747c        0x4 
 .text.rt_test_002_004_execute.lto_priv.69
                0x0000000008007480       0x1c /tmp/ccKbUQBP.ltrans5.ltrans.o
                0x0000000008007480                rt_test_002_004_execute.lto_priv.69
 *fill*         0x000000000800749c        0x4 
 .text.rt_test_002_003_execute.lto_priv.68
                0x00000000080074a0       0x24 /tmp/ccKbUQBP.ltrans5.ltrans.o
                0x00000000080074a0                rt_test_002_003_execute.lto_priv.68
 *fill*         0x00000000080074c4        0xc 
 .text.rt_test_005_006_teardown.lto_priv.88
                0x00000000080074d0        0x8 /tmp/ccKbUQBP.ltrans5.ltrans.o
                0x00000000080074d0                rt_test_005_006_teardown.lto_priv.88
 *fill*         0x00000000080074d8        0x8 
 .text.rt_test_005_005_teardown.lto_priv.86
                0x00000000080074e0        0x8 /tmp/ccKbUQBP.ltrans5.ltrans.o
                0x00000000080074e0                rt_test_005_005_teardown.lto_priv.86
 *fill*         0x00000000080074e8        0x8 
 .text.rt_test_003_002_execute.lto_priv.71
                0x00000000080074f0      0x210 /tmp/ccKbUQBP.ltrans5.ltrans.o
                0x00000000080074f0                rt_test_003_002_execute.lto_priv.71
 .text.rt_test_006_001_execute.lto_priv.91
                0x0000000008007700      0x108 /tmp/ccKbUQBP.ltrans5.ltrans.o
                0x0000000008007700                rt_test_006_001_execute.lto_priv.91
 *fill*         0x0000000008007808        0x8 
 .text.thread1.lto_priv.15
                0x0000000008007810       0x20 /tmp/ccKbUQBP.ltrans5.ltrans.o
 .text.thread9.lto_priv.9
                0x0000000008007830       0x20 /tmp/ccKbUQBP.ltrans5.ltrans.o
                0x0000000008007830                thread9.lto_priv.9
 .text.thread   0x0000000008007850        0xc /tmp/ccKbUQBP.ltrans5.ltrans.o
 *fill*         0x000000000800785c        0x4 
 .text.rt_test_006_001_setup.lto_priv.90
                0x0000000008007860       0x10 /tmp/ccKbUQBP.ltrans5.ltrans.o
                0x0000000008007860                rt_test_006_001_setup.lto_priv.90
 .text.thread8.lto_priv.7
                0x0000000008007870       0x40 /tmp/ccKbUQBP.ltrans5.ltrans.o
                0x0000000008007870                thread8.lto_priv.7
 .text.thread6.lto_priv.8
                0x00000000080078b0       0x28 /tmp/ccKbUQBP.ltrans5.ltrans.o
                0x00000000080078b0                thread6.lto_priv.8
 *fill*         0x00000000080078d8        0x8 
 .text.thread4B.lto_priv.11
                0x00000000080078e0       0x30 /tmp/ccKbUQBP.ltrans5.ltrans.o
                0x00000000080078e0                thread4B.lto_priv.11
 .text.thread4A.lto_priv.10
                0x0000000008007910       0x20 /tmp/ccKbUQBP.ltrans5.ltrans.o
                0x0000000008007910                thread4A.lto_priv.10
 .text.thread1.lto_priv.14
                0x0000000008007930       0x18 /tmp/ccKbUQBP.ltrans5.ltrans.o
 *fill*         0x0000000008007948        0x8 
 .text.rt_test_005_001_teardown.lto_priv.77
                0x0000000008007950       0x10 /tmp/ccKbUQBP.ltrans5.ltrans.o
                0x0000000008007950                rt_test_005_001_teardown.lto_priv.77
 .text.rt_test_005_005_setup.lto_priv.85
                0x0000000008007960       0x10 /tmp/ccKbUQBP.ltrans5.ltrans.o
                0x0000000008007960                rt_test_005_005_setup.lto_priv.85
 .text.rt_test_005_004_setup.lto_priv.83
                0x0000000008007970       0x10 /tmp/ccKbUQBP.ltrans5.ltrans.o
                0x0000000008007970                rt_test_005_004_setup.lto_priv.83
 .text.rt_test_005_003_setup.lto_priv.81
                0x0000000008007980       0x10 /tmp/ccKbUQBP.ltrans5.ltrans.o
                0x0000000008007980                rt_test_005_003_setup.lto_priv.81
 .text.rt_test_005_002_setup.lto_priv.79
                0x0000000008007990       0x10 /tmp/ccKbUQBP.ltrans5.ltrans.o
                0x0000000008007990                rt_test_005_002_setup.lto_priv.79
 .text.rt_test_005_001_setup.lto_priv.76
                0x00000000080079a0       0x10 /tmp/ccKbUQBP.ltrans5.ltrans.o
                0x00000000080079a0                rt_test_005_001_setup.lto_priv.76
 .text.rt_test_005_006_execute.lto_priv.89
                0x00000000080079b0      0x1d8 /tmp/ccKbUQBP.ltrans5.ltrans.o
                0x00000000080079b0                rt_test_005_006_execute.lto_priv.89
 *fill*         0x0000000008007b88        0x8 
 .text.thread2  0x0000000008007b90       0x28 /tmp/ccKbUQBP.ltrans5.ltrans.o
 *fill*         0x0000000008007bb8        0x8 
 .text.thread4  0x0000000008007bc0       0x20 /tmp/ccKbUQBP.ltrans5.ltrans.o
 .text.rt_test_005_005_execute.lto_priv.87
                0x0000000008007be0       0xa8 /tmp/ccKbUQBP.ltrans5.ltrans.o
                0x0000000008007be0                rt_test_005_005_execute.lto_priv.87
 *fill*         0x0000000008007c88        0x8 
 .text.thread3  0x0000000008007c90       0x18 /tmp/ccKbUQBP.ltrans5.ltrans.o
 *fill*         0x0000000008007ca8        0x8 
 .text.rt_test_005_002_execute.lto_priv.80
                0x0000000008007cb0      0x104 /tmp/ccKbUQBP.ltrans5.ltrans.o
                0x0000000008007cb0                rt_test_005_002_execute.lto_priv.80
 *fill*         0x0000000008007db4        0xc 
 .text.rt_test_005_001_execute.lto_priv.78
                0x0000000008007dc0       0xc4 /tmp/ccKbUQBP.ltrans5.ltrans.o
                0x0000000008007dc0                rt_test_005_001_execute.lto_priv.78
 *fill*         0x0000000008007e84        0xc 
 .text.rt_test_005_004_execute.lto_priv.84
                0x0000000008007e90       0x9c /tmp/ccKbUQBP.ltrans5.ltrans.o
                0x0000000008007e90                rt_test_005_004_execute.lto_priv.84
 *fill*         0x0000000008007f2c        0x4 
 .text.rt_test_005_003_execute.lto_priv.82
                0x0000000008007f30      0x170 /tmp/ccKbUQBP.ltrans5.ltrans.o
                0x0000000008007f30                rt_test_005_003_execute.lto_priv.82
 .text.rt_test_004_001_execute.lto_priv.75
                0x00000000080080a0       0xec /tmp/ccKbUQBP.ltrans5.ltrans.o
                0x00000000080080a0                rt_test_004_001_execute.lto_priv.75
 *fill*         0x000000000800818c        0x4 
 .text.thread1.lto_priv.13
                0x0000000008008190       0x28 /tmp/ccKbUQBP.ltrans5.ltrans.o
 *fill*         0x00000000080081b8        0x8 
 .text.rt_test_003_004_execute.lto_priv.73
                0x00000000080081c0       0xf8 /tmp/ccKbUQBP.ltrans5.ltrans.o
                0x00000000080081c0                rt_test_003_004_execute.lto_priv.73
 *fill*         0x00000000080082b8        0x8 
 .text.rt_test_003_003_execute.lto_priv.72
                0x00000000080082c0       0x80 /tmp/ccKbUQBP.ltrans5.ltrans.o
                0x00000000080082c0                rt_test_003_003_execute.lto_priv.72
 .text.rt_test_003_001_execute.lto_priv.70
                0x0000000008008340       0xc0 /tmp/ccKbUQBP.ltrans5.ltrans.o
                0x0000000008008340                rt_test_003_001_execute.lto_priv.70
 .text.get_descriptor.lto_priv.1
                0x0000000008008400       0x34 /tmp/ccKbUQBP.ltrans6.ltrans.o
                0x0000000008008400                get_descriptor.lto_priv.1
 *fill*         0x0000000008008434        0xc 
 .text.long_to_string_with_divisor
                0x0000000008008440       0x48 /tmp/ccKbUQBP.ltrans6.ltrans.o
 *fill*         0x0000000008008488        0x8 
 .text.ch_ltoa  0x0000000008008490        0xc /tmp/ccKbUQBP.ltrans6.ltrans.o
 *fill*         0x000000000800849c        0x4 
 .text.chvprintf
                0x00000000080084a0      0x258 /tmp/ccKbUQBP.ltrans6.ltrans.o
 *fill*         0x00000000080086f8        0x8 
 .text.sof_handler.lto_priv.2
                0x0000000008008700       0x1c /tmp/ccKbUQBP.ltrans6.ltrans.o
                0x0000000008008700                sof_handler.lto_priv.2
 *fill*         0x000000000800871c        0x4 
 .text.usb_event.lto_priv.0
                0x0000000008008720       0x6c /tmp/ccKbUQBP.ltrans6.ltrans.o
                0x0000000008008720                usb_event.lto_priv.0
 *fill*         0x000000000800878c        0x4 
 .text.cmdexec  0x0000000008008790       0x30 /tmp/ccKbUQBP.ltrans6.ltrans.o
 .text.test_rt  0x00000000080087c0       0x10 /tmp/ccKbUQBP.ltrans6.ltrans.o
 .text.test_oslib
                0x00000000080087d0       0x10 /tmp/ccKbUQBP.ltrans6.ltrans.o
 .text.shellExit
                0x00000000080087e0       0x20 /tmp/ccKbUQBP.ltrans6.ltrans.o
 .text.parse_arguments
                0x0000000008008800       0x54 /tmp/ccKbUQBP.ltrans6.ltrans.o
 *fill*         0x0000000008008854        0xc 
 .text._test_fail
                0x0000000008008860       0x20 /tmp/ccKbUQBP.ltrans6.ltrans.o
                0x0000000008008860                _test_fail
 .text.print_fat_line.lto_priv.21
                0x0000000008008880       0x30 /tmp/ccKbUQBP.ltrans6.ltrans.o
                0x0000000008008880                print_fat_line.lto_priv.21
 .text.print_line.lto_priv.18
                0x00000000080088b0       0x30 /tmp/ccKbUQBP.ltrans6.ltrans.o
                0x00000000080088b0                print_line.lto_priv.18
 .text.print_tokens.lto_priv.19
                0x00000000080088e0       0x2c /tmp/ccKbUQBP.ltrans6.ltrans.o
                0x00000000080088e0                print_tokens.lto_priv.19
 *fill*         0x000000000800890c        0x4 
 .text.clear_tokens.lto_priv.22
                0x0000000008008910       0x10 /tmp/ccKbUQBP.ltrans6.ltrans.o
                0x0000000008008910                clear_tokens.lto_priv.22
 .text.execute_test.lto_priv.20
                0x0000000008008920       0x24 /tmp/ccKbUQBP.ltrans6.ltrans.o
                0x0000000008008920                execute_test.lto_priv.20
 *fill*         0x0000000008008944        0xc 
 .text._sbrk_r  0x0000000008008950       0x1c /tmp/ccKbUQBP.ltrans6.ltrans.o
                0x0000000008008950                _sbrk_r
 *fill*         0x000000000800896c        0x4 
 .text.shellInit
                0x0000000008008970        0xc /tmp/ccKbUQBP.ltrans6.ltrans.o
                0x0000000008008970                shellInit
 *fill*         0x000000000800897c        0x4 
 .text.chprintf
                0x0000000008008980       0x1c /tmp/ccKbUQBP.ltrans6.ltrans.o
                0x0000000008008980                chprintf
 *fill*         0x000000000800899c        0x4 
 .text.cmd_test
                0x00000000080089a0       0x8c /tmp/ccKbUQBP.ltrans6.ltrans.o
 *fill*         0x0000000008008a2c        0x4 
 .text.cmd_threads
                0x0000000008008a30       0x7c /tmp/ccKbUQBP.ltrans6.ltrans.o
 *fill*         0x0000000008008aac        0x4 
 .text.cmd_mem  0x0000000008008ab0       0x68 /tmp/ccKbUQBP.ltrans6.ltrans.o
 *fill*         0x0000000008008b18        0x8 
 .text.cmd_systime
                0x0000000008008b20       0x38 /tmp/ccKbUQBP.ltrans6.ltrans.o
 *fill*         0x0000000008008b58        0x8 
 .text.cmd_echo
                0x0000000008008b60       0x28 /tmp/ccKbUQBP.ltrans6.ltrans.o
 *fill*         0x0000000008008b88        0x8 
 .text.cmd_info
                0x0000000008008b90       0xbc /tmp/ccKbUQBP.ltrans6.ltrans.o
 *fill*         0x0000000008008c4c        0x4 
 .text.cmd_exit
                0x0000000008008c50       0x20 /tmp/ccKbUQBP.ltrans6.ltrans.o
 .text.shellGetLine
                0x0000000008008c70       0xa0 /tmp/ccKbUQBP.ltrans6.ltrans.o
 .text.list_commands
                0x0000000008008d10       0x20 /tmp/ccKbUQBP.ltrans6.ltrans.o
 .text.shellThread
                0x0000000008008d30      0x158 /tmp/ccKbUQBP.ltrans6.ltrans.o
                0x0000000008008d30                shellThread
 *fill*         0x0000000008008e88        0x8 
 .text._port_irq_epilogue
                0x0000000008008e90       0x60 /tmp/ccKbUQBP.ltrans6.ltrans.o
                0x0000000008008e90                _port_irq_epilogue
 .text.SVC_Handler
                0x0000000008008ef0       0x20 /tmp/ccKbUQBP.ltrans6.ltrans.o
                0x0000000008008ef0                SVC_Handler
 .text.chFactoryReleasePipe
                0x0000000008008f10       0x24 /tmp/ccKbUQBP.ltrans6.ltrans.o
                0x0000000008008f10                chFactoryReleasePipe
 *fill*         0x0000000008008f34        0xc 
 .text.chFactoryFindPipe
                0x0000000008008f40       0x28 /tmp/ccKbUQBP.ltrans6.ltrans.o
                0x0000000008008f40                chFactoryFindPipe
 *fill*         0x0000000008008f68        0x8 
 .text.chFactoryCreatePipe
                0x0000000008008f70       0x3c /tmp/ccKbUQBP.ltrans6.ltrans.o
                0x0000000008008f70                chFactoryCreatePipe
 *fill*         0x0000000008008fac        0x4 
 .text.chFactoryReleaseObjectsFIFO
                0x0000000008008fb0       0x24 /tmp/ccKbUQBP.ltrans6.ltrans.o
                0x0000000008008fb0                chFactoryReleaseObjectsFIFO
 *fill*         0x0000000008008fd4        0xc 
 .text.chFactoryFindObjectsFIFO
                0x0000000008008fe0       0x28 /tmp/ccKbUQBP.ltrans6.ltrans.o
                0x0000000008008fe0                chFactoryFindObjectsFIFO
 *fill*         0x0000000008009008        0x8 
 .text.chFactoryCreateObjectsFIFO
                0x0000000008009010       0x70 /tmp/ccKbUQBP.ltrans6.ltrans.o
                0x0000000008009010                chFactoryCreateObjectsFIFO
 .text.chFactoryReleaseMailbox
                0x0000000008009080       0x24 /tmp/ccKbUQBP.ltrans6.ltrans.o
                0x0000000008009080                chFactoryReleaseMailbox
 *fill*         0x00000000080090a4        0xc 
 .text.chFactoryFindMailbox
                0x00000000080090b0       0x28 /tmp/ccKbUQBP.ltrans6.ltrans.o
                0x00000000080090b0                chFactoryFindMailbox
 *fill*         0x00000000080090d8        0x8 
 .text.chFactoryCreateMailbox
                0x00000000080090e0       0x3c /tmp/ccKbUQBP.ltrans6.ltrans.o
                0x00000000080090e0                chFactoryCreateMailbox
 *fill*         0x000000000800911c        0x4 
 .text.chFactoryReleaseSemaphore
                0x0000000008009120       0x28 /tmp/ccKbUQBP.ltrans6.ltrans.o
                0x0000000008009120                chFactoryReleaseSemaphore
 *fill*         0x0000000008009148        0x8 
 .text.chFactoryFindSemaphore
                0x0000000008009150       0x28 /tmp/ccKbUQBP.ltrans6.ltrans.o
                0x0000000008009150                chFactoryFindSemaphore
 *fill*         0x0000000008009178        0x8 
 .text.chFactoryCreateSemaphore
                0x0000000008009180       0x38 /tmp/ccKbUQBP.ltrans6.ltrans.o
                0x0000000008009180                chFactoryCreateSemaphore
 *fill*         0x00000000080091b8        0x8 
 .text.chFactoryReleaseBuffer
                0x00000000080091c0       0x24 /tmp/ccKbUQBP.ltrans6.ltrans.o
                0x00000000080091c0                chFactoryReleaseBuffer
 *fill*         0x00000000080091e4        0xc 
 .text.chFactoryFindBuffer
                0x00000000080091f0       0x28 /tmp/ccKbUQBP.ltrans6.ltrans.o
                0x00000000080091f0                chFactoryFindBuffer
 *fill*         0x0000000008009218        0x8 
 .text.chFactoryCreateBuffer
                0x0000000008009220       0x38 /tmp/ccKbUQBP.ltrans6.ltrans.o
                0x0000000008009220                chFactoryCreateBuffer
 *fill*         0x0000000008009258        0x8 
 .text.chFactoryReleaseObject
                0x0000000008009260       0x28 /tmp/ccKbUQBP.ltrans6.ltrans.o
                0x0000000008009260                chFactoryReleaseObject
 *fill*         0x0000000008009288        0x8 
 .text.chFactoryFindObject
                0x0000000008009290       0x28 /tmp/ccKbUQBP.ltrans6.ltrans.o
                0x0000000008009290                chFactoryFindObject
 *fill*         0x00000000080092b8        0x8 
 .text.chFactoryRegisterObject
                0x00000000080092c0       0x30 /tmp/ccKbUQBP.ltrans6.ltrans.o
                0x00000000080092c0                chFactoryRegisterObject
 .text._factory_init
                0x00000000080092f0       0x54 /tmp/ccKbUQBP.ltrans6.ltrans.o
                0x00000000080092f0                _factory_init
 *fill*         0x0000000008009344        0xc 
 .text.dyn_list_unlink
                0x0000000008009350       0x1c /tmp/ccKbUQBP.ltrans7.ltrans.o
 *fill*         0x000000000800936c        0x4 
 .text.chPoolFreeI
                0x0000000008009370        0x8 /tmp/ccKbUQBP.ltrans7.ltrans.o
 *fill*         0x0000000008009378        0x8 
 .text.chPoolAllocI
                0x0000000008009380       0x1c /tmp/ccKbUQBP.ltrans7.ltrans.o
 *fill*         0x000000000800939c        0x4 
 .text.chCoreAllocAlignedWithOffsetI
                0x00000000080093a0       0x34 /tmp/ccKbUQBP.ltrans7.ltrans.o
 *fill*         0x00000000080093d4        0xc 
 .text.chCoreAllocAlignedI.lto_priv.28
                0x00000000080093e0        0xc /tmp/ccKbUQBP.ltrans7.ltrans.o
                0x00000000080093e0                chCoreAllocAlignedI.lto_priv.28
 *fill*         0x00000000080093ec        0x4 
 .text.chCoreAllocAlignedWithOffset
                0x00000000080093f0       0x14 /tmp/ccKbUQBP.ltrans7.ltrans.o
                0x00000000080093f0                chCoreAllocAlignedWithOffset
 *fill*         0x0000000008009404        0xc 
 .text.dyn_list_find
                0x0000000008009410       0x24 /tmp/ccKbUQBP.ltrans7.ltrans.o
 *fill*         0x0000000008009434        0xc 
 .text.pipe_read
                0x0000000008009440       0x78 /tmp/ccKbUQBP.ltrans7.ltrans.o
 *fill*         0x00000000080094b8        0x8 
 .text.pipe_write
                0x00000000080094c0       0x7c /tmp/ccKbUQBP.ltrans7.ltrans.o
 *fill*         0x000000000800953c        0x4 
 .text.chGuardedPoolAllocTimeoutS
                0x0000000008009540       0x18 /tmp/ccKbUQBP.ltrans7.ltrans.o
 *fill*         0x0000000008009558        0x8 
 .text.chMBFetchTimeoutS
                0x0000000008009560       0x54 /tmp/ccKbUQBP.ltrans7.ltrans.o
 *fill*         0x00000000080095b4        0xc 
 .text.chMBPostAheadTimeoutS
                0x00000000080095c0       0x5c /tmp/ccKbUQBP.ltrans7.ltrans.o
 *fill*         0x000000000800961c        0x4 
 .text.chMBPostTimeoutS
                0x0000000008009620       0x5c /tmp/ccKbUQBP.ltrans7.ltrans.o
 *fill*         0x000000000800967c        0x4 
 .text.dyn_find_object.lto_priv.137
                0x0000000008009680       0x14 /tmp/ccKbUQBP.ltrans7.ltrans.o
                0x0000000008009680                dyn_find_object.lto_priv.137
 *fill*         0x0000000008009694        0xc 
 .text.chPipeReadTimeout
                0x00000000080096a0       0x6c /tmp/ccKbUQBP.ltrans7.ltrans.o
                0x00000000080096a0                chPipeReadTimeout
 *fill*         0x000000000800970c        0x4 
 .text.chPipeWriteTimeout
                0x0000000008009710       0x6c /tmp/ccKbUQBP.ltrans7.ltrans.o
                0x0000000008009710                chPipeWriteTimeout
 *fill*         0x000000000800977c        0x4 
 .text.chPipeReset
                0x0000000008009780       0x4c /tmp/ccKbUQBP.ltrans7.ltrans.o
                0x0000000008009780                chPipeReset
 *fill*         0x00000000080097cc        0x4 
 .text.chPipeObjectInit
                0x00000000080097d0       0x30 /tmp/ccKbUQBP.ltrans7.ltrans.o
                0x00000000080097d0                chPipeObjectInit
 .text.chGuardedPoolFree
                0x0000000008009800       0x24 /tmp/ccKbUQBP.ltrans7.ltrans.o
                0x0000000008009800                chGuardedPoolFree
 *fill*         0x0000000008009824        0xc 
 .text.chGuardedPoolAllocTimeout
                0x0000000008009830       0x14 /tmp/ccKbUQBP.ltrans7.ltrans.o
                0x0000000008009830                chGuardedPoolAllocTimeout
 *fill*         0x0000000008009844        0xc 
 .text.chGuardedPoolLoadArray
                0x0000000008009850       0x20 /tmp/ccKbUQBP.ltrans7.ltrans.o
                0x0000000008009850                chGuardedPoolLoadArray
 .text.chPoolFree
                0x0000000008009870       0x14 /tmp/ccKbUQBP.ltrans7.ltrans.o
                0x0000000008009870                chPoolFree
 *fill*         0x0000000008009884        0xc 
 .text.dyn_release_object_pool.lto_priv.139
                0x0000000008009890       0x1c /tmp/ccKbUQBP.ltrans7.ltrans.o
                0x0000000008009890                dyn_release_object_pool.lto_priv.139
 *fill*         0x00000000080098ac        0x4 
 .text.chPoolAlloc
                0x00000000080098b0       0x14 /tmp/ccKbUQBP.ltrans7.ltrans.o
                0x00000000080098b0                chPoolAlloc
 *fill*         0x00000000080098c4        0xc 
 .text.dyn_create_object_pool.lto_priv.140
                0x00000000080098d0       0x38 /tmp/ccKbUQBP.ltrans7.ltrans.o
                0x00000000080098d0                dyn_create_object_pool.lto_priv.140
 *fill*         0x0000000008009908        0x8 
 .text.chPoolLoadArray
                0x0000000008009910       0x20 /tmp/ccKbUQBP.ltrans7.ltrans.o
                0x0000000008009910                chPoolLoadArray
 .text.chPoolObjectInitAligned
                0x0000000008009930       0x14 /tmp/ccKbUQBP.ltrans7.ltrans.o
                0x0000000008009930                chPoolObjectInitAligned
 *fill*         0x0000000008009944        0xc 
 .text.chGuardedPoolObjectInitAligned
                0x0000000008009950       0x18 /tmp/ccKbUQBP.ltrans7.ltrans.o
                0x0000000008009950                chGuardedPoolObjectInitAligned
 *fill*         0x0000000008009968        0x8 
 .text.chHeapStatus
                0x0000000008009970       0x4c /tmp/ccKbUQBP.ltrans7.ltrans.o
                0x0000000008009970                chHeapStatus
 *fill*         0x00000000080099bc        0x4 
 .text.chHeapFree
                0x00000000080099c0       0x88 /tmp/ccKbUQBP.ltrans7.ltrans.o
                0x00000000080099c0                chHeapFree
 *fill*         0x0000000008009a48        0x8 
 .text.dyn_release_object_heap.lto_priv.136
                0x0000000008009a50       0x14 /tmp/ccKbUQBP.ltrans7.ltrans.o
                0x0000000008009a50                dyn_release_object_heap.lto_priv.136
 *fill*         0x0000000008009a64        0xc 
 .text.chHeapAllocAligned
                0x0000000008009a70       0xfc /tmp/ccKbUQBP.ltrans7.ltrans.o
                0x0000000008009a70                chHeapAllocAligned
 *fill*         0x0000000008009b6c        0x4 
 .text.dyn_create_object_heap.lto_priv.138
                0x0000000008009b70       0x3c /tmp/ccKbUQBP.ltrans7.ltrans.o
                0x0000000008009b70                dyn_create_object_heap.lto_priv.138
 *fill*         0x0000000008009bac        0x4 
 .text.chHeapObjectInit
                0x0000000008009bb0       0x24 /tmp/ccKbUQBP.ltrans7.ltrans.o
                0x0000000008009bb0                chHeapObjectInit
 *fill*         0x0000000008009bd4        0xc 
 .text._heap_init
                0x0000000008009be0       0x20 /tmp/ccKbUQBP.ltrans7.ltrans.o
                0x0000000008009be0                _heap_init
 .text.chCoreGetStatusX
                0x0000000008009c00       0x10 /tmp/ccKbUQBP.ltrans7.ltrans.o
                0x0000000008009c00                chCoreGetStatusX
 .text._core_init
                0x0000000008009c10       0x18 /tmp/ccKbUQBP.ltrans7.ltrans.o
                0x0000000008009c10                _core_init
 *fill*         0x0000000008009c28        0x8 
 .text.chMBFetchI
                0x0000000008009c30       0x40 /tmp/ccKbUQBP.ltrans7.ltrans.o
                0x0000000008009c30                chMBFetchI
 .text.chMBFetchTimeout
                0x0000000008009c70       0x14 /tmp/ccKbUQBP.ltrans7.ltrans.o
                0x0000000008009c70                chMBFetchTimeout
 *fill*         0x0000000008009c84        0xc 
 .text.chMBPostAheadI
                0x0000000008009c90       0x44 /tmp/ccKbUQBP.ltrans7.ltrans.o
                0x0000000008009c90                chMBPostAheadI
 *fill*         0x0000000008009cd4        0xc 
 .text.chMBPostAheadTimeout
                0x0000000008009ce0       0x14 /tmp/ccKbUQBP.ltrans7.ltrans.o
                0x0000000008009ce0                chMBPostAheadTimeout
 *fill*         0x0000000008009cf4        0xc 
 .text.chMBPostI
                0x0000000008009d00       0x48 /tmp/ccKbUQBP.ltrans7.ltrans.o
                0x0000000008009d00                chMBPostI
 *fill*         0x0000000008009d48        0x8 
 .text.chMBPostTimeout
                0x0000000008009d50       0x14 /tmp/ccKbUQBP.ltrans7.ltrans.o
                0x0000000008009d50                chMBPostTimeout
 *fill*         0x0000000008009d64        0xc 
 .text.chMBResetI
                0x0000000008009d70       0x2c /tmp/ccKbUQBP.ltrans7.ltrans.o
                0x0000000008009d70                chMBResetI
 *fill*         0x0000000008009d9c        0x4 
 .text.chMBReset
                0x0000000008009da0       0x18 /tmp/ccKbUQBP.ltrans7.ltrans.o
                0x0000000008009da0                chMBReset
 *fill*         0x0000000008009db8        0x8 
 .text.chMBObjectInit
                0x0000000008009dc0       0x24 /tmp/ccKbUQBP.ltrans7.ltrans.o
                0x0000000008009dc0                chMBObjectInit
 *fill*         0x0000000008009de4        0xc 
 .text.chThdCreateFromMemoryPool
                0x0000000008009df0       0x54 /tmp/ccKbUQBP.ltrans7.ltrans.o
                0x0000000008009df0                chThdCreateFromMemoryPool
 *fill*         0x0000000008009e44        0xc 
 .text.chThdCreateFromHeap
                0x0000000008009e50       0x50 /tmp/ccKbUQBP.ltrans7.ltrans.o
                0x0000000008009e50                chThdCreateFromHeap
 .text.chMsgRelease
                0x0000000008009ea0       0x14 /tmp/ccKbUQBP.ltrans7.ltrans.o
                0x0000000008009ea0                chMsgRelease
 *fill*         0x0000000008009eb4        0xc 
 .text.chMsgWait
                0x0000000008009ec0       0x3c /tmp/ccKbUQBP.ltrans7.ltrans.o
                0x0000000008009ec0                chMsgWait
 *fill*         0x0000000008009efc        0x4 
 .text.chMsgSend
                0x0000000008009f00       0x3c /tmp/ccKbUQBP.ltrans7.ltrans.o
                0x0000000008009f00                chMsgSend
 *fill*         0x0000000008009f3c        0x4 
 .text.chEvtWaitAllTimeout
                0x0000000008009f40       0x4c /tmp/ccKbUQBP.ltrans7.ltrans.o
                0x0000000008009f40                chEvtWaitAllTimeout
 *fill*         0x0000000008009f8c        0x4 
 .text.chEvtWaitAnyTimeout
                0x0000000008009f90       0x50 /tmp/ccKbUQBP.ltrans7.ltrans.o
                0x0000000008009f90                chEvtWaitAnyTimeout
 .text.chEvtWaitOneTimeout
                0x0000000008009fe0       0x54 /tmp/ccKbUQBP.ltrans7.ltrans.o
                0x0000000008009fe0                chEvtWaitOneTimeout
 *fill*         0x000000000800a034        0xc 
 .text.chEvtWaitAll
                0x000000000800a040       0x34 /tmp/ccKbUQBP.ltrans7.ltrans.o
                0x000000000800a040                chEvtWaitAll
 *fill*         0x000000000800a074        0xc 
 .text.chEvtWaitAny
                0x000000000800a080       0x38 /tmp/ccKbUQBP.ltrans7.ltrans.o
                0x000000000800a080                chEvtWaitAny
 *fill*         0x000000000800a0b8        0x8 
 .text.chEvtWaitOne
                0x000000000800a0c0       0x38 /tmp/ccKbUQBP.ltrans7.ltrans.o
                0x000000000800a0c0                chEvtWaitOne
 *fill*         0x000000000800a0f8        0x8 
 .text.chEvtDispatch
                0x000000000800a100       0x2c /tmp/ccKbUQBP.ltrans7.ltrans.o
                0x000000000800a100                chEvtDispatch
 *fill*         0x000000000800a12c        0x4 
 .text.chEvtBroadcastFlags
                0x000000000800a130       0x18 /tmp/ccKbUQBP.ltrans7.ltrans.o
                0x000000000800a130                chEvtBroadcastFlags
 *fill*         0x000000000800a148        0x8 
 .text.chEvtSignalI
                0x000000000800a150       0x2c /tmp/ccKbUQBP.ltrans7.ltrans.o
                0x000000000800a150                chEvtSignalI
 *fill*         0x000000000800a17c        0x4 
 .text.null_provider
                0x000000000800a180        0x4 /tmp/ccKbUQBP.ltrans8.ltrans.o
 *fill*         0x000000000800a184        0xc 
 .text.oslib_test_004_001_execute.lto_priv.49
                0x000000000800a190      0x354 /tmp/ccKbUQBP.ltrans8.ltrans.o
                0x000000000800a190                oslib_test_004_001_execute.lto_priv.49
 *fill*         0x000000000800a4e4        0xc 
 .text.oslib_test_004_001_setup.lto_priv.48
                0x000000000800a4f0       0x18 /tmp/ccKbUQBP.ltrans8.ltrans.o
                0x000000000800a4f0                oslib_test_004_001_setup.lto_priv.48
 *fill*         0x000000000800a508        0x8 
 .text.oslib_test_003_003_execute.lto_priv.47
                0x000000000800a510       0x2c /tmp/ccKbUQBP.ltrans8.ltrans.o
                0x000000000800a510                oslib_test_003_003_execute.lto_priv.47
 *fill*         0x000000000800a53c        0x4 
 .text.oslib_test_003_003_setup.lto_priv.46
                0x000000000800a540       0x14 /tmp/ccKbUQBP.ltrans8.ltrans.o
                0x000000000800a540                oslib_test_003_003_setup.lto_priv.46
 *fill*         0x000000000800a554        0xc 
 .text.oslib_test_003_002_setup.lto_priv.44
                0x000000000800a560       0x14 /tmp/ccKbUQBP.ltrans8.ltrans.o
                0x000000000800a560                oslib_test_003_002_setup.lto_priv.44
 *fill*         0x000000000800a574        0xc 
 .text.oslib_test_003_002_execute.lto_priv.45
                0x000000000800a580       0xc8 /tmp/ccKbUQBP.ltrans8.ltrans.o
                0x000000000800a580                oslib_test_003_002_execute.lto_priv.45
 *fill*         0x000000000800a648        0x8 
 .text.oslib_test_003_001_setup.lto_priv.42
                0x000000000800a650       0x14 /tmp/ccKbUQBP.ltrans8.ltrans.o
                0x000000000800a650                oslib_test_003_001_setup.lto_priv.42
 *fill*         0x000000000800a664        0xc 
 .text.oslib_test_003_001_execute.lto_priv.43
                0x000000000800a670       0xf0 /tmp/ccKbUQBP.ltrans8.ltrans.o
                0x000000000800a670                oslib_test_003_001_execute.lto_priv.43
 .text.oslib_test_002_002_execute.lto_priv.41
                0x000000000800a760       0xbc /tmp/ccKbUQBP.ltrans8.ltrans.o
                0x000000000800a760                oslib_test_002_002_execute.lto_priv.41
 *fill*         0x000000000800a81c        0x4 
 .text.oslib_test_002_002_setup.lto_priv.40